Archive member included to satisfy reference by file (symbol)

c:/program files (x86)/atmel/studio/7.0/toolchain/avr8/avr8-gnu-toolchain/bin/../lib/gcc/avr/5.4.0/../../../../avr/lib/avr5\libm.a(addsf3.o)
                              HAL/LCD.o (__subsf3)
c:/program files (x86)/atmel/studio/7.0/toolchain/avr8/avr8-gnu-toolchain/bin/../lib/gcc/avr/5.4.0/../../../../avr/lib/avr5\libm.a(addsf3x.o)
                              c:/program files (x86)/atmel/studio/7.0/toolchain/avr8/avr8-gnu-toolchain/bin/../lib/gcc/avr/5.4.0/../../../../avr/lib/avr5\libm.a(addsf3.o) (__addsf3x)
c:/program files (x86)/atmel/studio/7.0/toolchain/avr8/avr8-gnu-toolchain/bin/../lib/gcc/avr/5.4.0/../../../../avr/lib/avr5\libm.a(cmpsf2.o)
                              HAL/LCD.o (__eqsf2)
c:/program files (x86)/atmel/studio/7.0/toolchain/avr8/avr8-gnu-toolchain/bin/../lib/gcc/avr/5.4.0/../../../../avr/lib/avr5\libm.a(fixsfsi.o)
                              HAL/LCD.o (__fixsfsi)
c:/program files (x86)/atmel/studio/7.0/toolchain/avr8/avr8-gnu-toolchain/bin/../lib/gcc/avr/5.4.0/../../../../avr/lib/avr5\libm.a(fixunssfsi.o)
                              HAL/LCD.o (__fixunssfsi)
c:/program files (x86)/atmel/studio/7.0/toolchain/avr8/avr8-gnu-toolchain/bin/../lib/gcc/avr/5.4.0/../../../../avr/lib/avr5\libm.a(floatsisf.o)
                              HAL/LCD.o (__floatsisf)
c:/program files (x86)/atmel/studio/7.0/toolchain/avr8/avr8-gnu-toolchain/bin/../lib/gcc/avr/5.4.0/../../../../avr/lib/avr5\libm.a(fp_cmp.o)
                              c:/program files (x86)/atmel/studio/7.0/toolchain/avr8/avr8-gnu-toolchain/bin/../lib/gcc/avr/5.4.0/../../../../avr/lib/avr5\libm.a(cmpsf2.o) (__fp_cmp)
c:/program files (x86)/atmel/studio/7.0/toolchain/avr8/avr8-gnu-toolchain/bin/../lib/gcc/avr/5.4.0/../../../../avr/lib/avr5\libm.a(fp_inf.o)
                              c:/program files (x86)/atmel/studio/7.0/toolchain/avr8/avr8-gnu-toolchain/bin/../lib/gcc/avr/5.4.0/../../../../avr/lib/avr5\libm.a(addsf3x.o) (__fp_inf)
c:/program files (x86)/atmel/studio/7.0/toolchain/avr8/avr8-gnu-toolchain/bin/../lib/gcc/avr/5.4.0/../../../../avr/lib/avr5\libm.a(fp_nan.o)
                              c:/program files (x86)/atmel/studio/7.0/toolchain/avr8/avr8-gnu-toolchain/bin/../lib/gcc/avr/5.4.0/../../../../avr/lib/avr5\libm.a(addsf3x.o) (__fp_nan)
c:/program files (x86)/atmel/studio/7.0/toolchain/avr8/avr8-gnu-toolchain/bin/../lib/gcc/avr/5.4.0/../../../../avr/lib/avr5\libm.a(fp_pscA.o)
                              c:/program files (x86)/atmel/studio/7.0/toolchain/avr8/avr8-gnu-toolchain/bin/../lib/gcc/avr/5.4.0/../../../../avr/lib/avr5\libm.a(addsf3x.o) (__fp_pscA)
c:/program files (x86)/atmel/studio/7.0/toolchain/avr8/avr8-gnu-toolchain/bin/../lib/gcc/avr/5.4.0/../../../../avr/lib/avr5\libm.a(fp_pscB.o)
                              c:/program files (x86)/atmel/studio/7.0/toolchain/avr8/avr8-gnu-toolchain/bin/../lib/gcc/avr/5.4.0/../../../../avr/lib/avr5\libm.a(addsf3x.o) (__fp_pscB)
c:/program files (x86)/atmel/studio/7.0/toolchain/avr8/avr8-gnu-toolchain/bin/../lib/gcc/avr/5.4.0/../../../../avr/lib/avr5\libm.a(fp_round.o)
                              c:/program files (x86)/atmel/studio/7.0/toolchain/avr8/avr8-gnu-toolchain/bin/../lib/gcc/avr/5.4.0/../../../../avr/lib/avr5\libm.a(addsf3.o) (__fp_round)
c:/program files (x86)/atmel/studio/7.0/toolchain/avr8/avr8-gnu-toolchain/bin/../lib/gcc/avr/5.4.0/../../../../avr/lib/avr5\libm.a(fp_split3.o)
                              c:/program files (x86)/atmel/studio/7.0/toolchain/avr8/avr8-gnu-toolchain/bin/../lib/gcc/avr/5.4.0/../../../../avr/lib/avr5\libm.a(addsf3x.o) (__fp_split3)
c:/program files (x86)/atmel/studio/7.0/toolchain/avr8/avr8-gnu-toolchain/bin/../lib/gcc/avr/5.4.0/../../../../avr/lib/avr5\libm.a(fp_zero.o)
                              c:/program files (x86)/atmel/studio/7.0/toolchain/avr8/avr8-gnu-toolchain/bin/../lib/gcc/avr/5.4.0/../../../../avr/lib/avr5\libm.a(addsf3x.o) (__fp_zero)
c:/program files (x86)/atmel/studio/7.0/toolchain/avr8/avr8-gnu-toolchain/bin/../lib/gcc/avr/5.4.0/../../../../avr/lib/avr5\libm.a(mulsf3.o)
                              HAL/LCD.o (__mulsf3)
c:/program files (x86)/atmel/studio/7.0/toolchain/avr8/avr8-gnu-toolchain/bin/../lib/gcc/avr/5.4.0/../../../../avr/lib/avr5\libm.a(mulsf3x.o)
                              c:/program files (x86)/atmel/studio/7.0/toolchain/avr8/avr8-gnu-toolchain/bin/../lib/gcc/avr/5.4.0/../../../../avr/lib/avr5\libm.a(mulsf3.o) (__mulsf3x)
c:/program files (x86)/atmel/studio/7.0/toolchain/avr8/avr8-gnu-toolchain/bin/../lib/gcc/avr/5.4.0/avr5\libgcc.a(_divmodhi4.o)
                              HAL/LCD.o (__divmodhi4)
c:/program files (x86)/atmel/studio/7.0/toolchain/avr8/avr8-gnu-toolchain/bin/../lib/gcc/avr/5.4.0/avr5\libgcc.a(_udivmodsi4.o)
                              HAL/Servo.o (__udivmodsi4)
c:/program files (x86)/atmel/studio/7.0/toolchain/avr8/avr8-gnu-toolchain/bin/../lib/gcc/avr/5.4.0/avr5\libgcc.a(_divmodsi4.o)
                              HAL/LCD.o (__divmodsi4)
c:/program files (x86)/atmel/studio/7.0/toolchain/avr8/avr8-gnu-toolchain/bin/../lib/gcc/avr/5.4.0/avr5\libgcc.a(_negsi2.o)
                              c:/program files (x86)/atmel/studio/7.0/toolchain/avr8/avr8-gnu-toolchain/bin/../lib/gcc/avr/5.4.0/avr5\libgcc.a(_divmodsi4.o) (__negsi2)
c:/program files (x86)/atmel/studio/7.0/toolchain/avr8/avr8-gnu-toolchain/bin/../lib/gcc/avr/5.4.0/avr5\libgcc.a(_exit.o)
                              C:/Program Files (x86)/Atmel/Studio/7.0/Packs/atmel/ATmega_DFP/1.7.374/gcc/dev/atmega32a/avr5/crtatmega32a.o (exit)
c:/program files (x86)/atmel/studio/7.0/toolchain/avr8/avr8-gnu-toolchain/bin/../lib/gcc/avr/5.4.0/avr5\libgcc.a(_tablejump2.o)
                              MCAL/ADC.o (__tablejump2__)
c:/program files (x86)/atmel/studio/7.0/toolchain/avr8/avr8-gnu-toolchain/bin/../lib/gcc/avr/5.4.0/avr5\libgcc.a(_copy_data.o)
                              HAL/Keypad.o (__do_copy_data)
c:/program files (x86)/atmel/studio/7.0/toolchain/avr8/avr8-gnu-toolchain/bin/../lib/gcc/avr/5.4.0/avr5\libgcc.a(_clear_bss.o)
                              MCAL/EXTI.o (__do_clear_bss)
c:/program files (x86)/atmel/studio/7.0/toolchain/avr8/avr8-gnu-toolchain/bin/../lib/gcc/avr/5.4.0/avr5\libgcc.a(_umulhisi3.o)
                              HAL/DCmotor.o (__umulhisi3)
c:/program files (x86)/atmel/studio/7.0/toolchain/avr8/avr8-gnu-toolchain/bin/../lib/gcc/avr/5.4.0/avr5\libgcc.a(_muluhisi3.o)
                              MCAL/Timer0.o (__muluhisi3)
c:/program files (x86)/atmel/studio/7.0/toolchain/avr8/avr8-gnu-toolchain/bin/../lib/gcc/avr/5.4.0/avr5\libgcc.a(_adddi3_s8.o)
                              MCAL/Timer1.o (__adddi3_s8)
c:/program files (x86)/atmel/studio/7.0/toolchain/avr8/avr8-gnu-toolchain/bin/../lib/gcc/avr/5.4.0/avr5\libgcc.a(_cmpdi2.o)
                              MCAL/Timer1.o (__cmpdi2)
c:/program files (x86)/atmel/studio/7.0/toolchain/avr8/avr8-gnu-toolchain/bin/../lib/gcc/avr/5.4.0/avr5\libgcc.a(_udivmodhi4.o)
                              c:/program files (x86)/atmel/studio/7.0/toolchain/avr8/avr8-gnu-toolchain/bin/../lib/gcc/avr/5.4.0/avr5\libgcc.a(_divmodhi4.o) (__udivmodhi4)

Discarded input sections

 .data          0x00000000        0x0 C:/Program Files (x86)/Atmel/Studio/7.0/Packs/atmel/ATmega_DFP/1.7.374/gcc/dev/atmega32a/avr5/crtatmega32a.o
 .bss           0x00000000        0x0 C:/Program Files (x86)/Atmel/Studio/7.0/Packs/atmel/ATmega_DFP/1.7.374/gcc/dev/atmega32a/avr5/crtatmega32a.o
 .text          0x00000000        0x0 HAL/Buzzer.o
 .data          0x00000000        0x0 HAL/Buzzer.o
 .bss           0x00000000        0x0 HAL/Buzzer.o
 .text.Buzzer_on
                0x00000000        0xa HAL/Buzzer.o
 .text.Buzzer_off
                0x00000000        0xa HAL/Buzzer.o
 .debug_info    0x00000000      0x1b7 HAL/Buzzer.o
 .debug_abbrev  0x00000000       0x8e HAL/Buzzer.o
 .debug_aranges
                0x00000000       0x28 HAL/Buzzer.o
 .debug_ranges  0x00000000       0x18 HAL/Buzzer.o
 .debug_line    0x00000000       0x71 HAL/Buzzer.o
 .debug_str     0x00000000      0x22e HAL/Buzzer.o
 .comment       0x00000000       0x31 HAL/Buzzer.o
 .debug_frame   0x00000000       0x34 HAL/Buzzer.o
 .text          0x00000000        0x0 HAL/DCmotor.o
 .data          0x00000000        0x0 HAL/DCmotor.o
 .bss           0x00000000        0x0 HAL/DCmotor.o
 .text.Mdir     0x00000000       0x3c HAL/DCmotor.o
 .text.Mspeed   0x00000000       0x62 HAL/DCmotor.o
 .debug_info    0x00000000      0x38f HAL/DCmotor.o
 .debug_abbrev  0x00000000       0xd3 HAL/DCmotor.o
 .debug_loc     0x00000000       0xc1 HAL/DCmotor.o
 .debug_aranges
                0x00000000       0x28 HAL/DCmotor.o
 .debug_ranges  0x00000000       0x18 HAL/DCmotor.o
 .debug_line    0x00000000      0x147 HAL/DCmotor.o
 .debug_str     0x00000000      0x31d HAL/DCmotor.o
 .comment       0x00000000       0x31 HAL/DCmotor.o
 .debug_frame   0x00000000       0x40 HAL/DCmotor.o
 .text          0x00000000        0x0 HAL/Keypad.o
 .data          0x00000000        0x0 HAL/Keypad.o
 .bss           0x00000000        0x0 HAL/Keypad.o
 .text.keypad_Data
                0x00000000       0x96 HAL/Keypad.o
 .rodata.key_array
                0x00000000       0x10 HAL/Keypad.o
 .debug_info    0x00000000      0x2a4 HAL/Keypad.o
 .debug_abbrev  0x00000000       0xe3 HAL/Keypad.o
 .debug_loc     0x00000000       0xbf HAL/Keypad.o
 .debug_aranges
                0x00000000       0x20 HAL/Keypad.o
 .debug_ranges  0x00000000       0x10 HAL/Keypad.o
 .debug_line    0x00000000      0x139 HAL/Keypad.o
 .debug_str     0x00000000      0x24c HAL/Keypad.o
 .comment       0x00000000       0x31 HAL/Keypad.o
 .debug_frame   0x00000000       0x40 HAL/Keypad.o
 .text          0x00000000        0x0 HAL/LCD.o
 .data          0x00000000        0x0 HAL/LCD.o
 .bss           0x00000000        0x0 HAL/LCD.o
 .text.LCD_lcd_kick
                0x00000000       0x24 HAL/LCD.o
 .text.LCD_check_lcd_isbusy
                0x00000000       0x2a HAL/LCD.o
 .text.LCD_WriteCmd
                0x00000000       0xcc HAL/LCD.o
 .text.LCD_Init
                0x00000000       0x6e HAL/LCD.o
 .text.LCD_WriteData
                0x00000000       0xc0 HAL/LCD.o
 .text.LCD_Clear
                0x00000000       0x14 HAL/LCD.o
 .text.LCD_GOTO
                0x00000000       0x26 HAL/LCD.o
 .text.LCD_WriteChar
                0x00000000       0x12 HAL/LCD.o
 .text.LCD_WriteString
                0x00000000       0x32 HAL/LCD.o
 .text.LCD_WriteSpaces
                0x00000000       0x28 HAL/LCD.o
 .text.LCD_WriteNumber
                0x00000000      0x19c HAL/LCD.o
 .text.LCD_WriteNumber5D
                0x00000000      0x104 HAL/LCD.o
 .text.LCD_WriteNumber3D
                0x00000000       0x68 HAL/LCD.o
 .text.LCD_WriteNumber2D
                0x00000000       0x74 HAL/LCD.o
 .text.LCD_Create_Character
                0x00000000       0x42 HAL/LCD.o
 .debug_info    0x00000000      0xe83 HAL/LCD.o
 .debug_abbrev  0x00000000      0x223 HAL/LCD.o
 .debug_loc     0x00000000      0xae2 HAL/LCD.o
 .debug_aranges
                0x00000000       0x90 HAL/LCD.o
 .debug_ranges  0x00000000       0x80 HAL/LCD.o
 .debug_line    0x00000000      0x5fc HAL/LCD.o
 .debug_str     0x00000000      0x3d3 HAL/LCD.o
 .comment       0x00000000       0x31 HAL/LCD.o
 .debug_frame   0x00000000      0x1c0 HAL/LCD.o
 .text          0x00000000        0x0 HAL/Limit Switch.o
 .data          0x00000000        0x0 HAL/Limit Switch.o
 .bss           0x00000000        0x0 HAL/Limit Switch.o
 .text.LS_Read  0x00000000        0x6 HAL/Limit Switch.o
 .debug_info    0x00000000      0x1a9 HAL/Limit Switch.o
 .debug_abbrev  0x00000000       0xb2 HAL/Limit Switch.o
 .debug_loc     0x00000000       0x21 HAL/Limit Switch.o
 .debug_aranges
                0x00000000       0x20 HAL/Limit Switch.o
 .debug_ranges  0x00000000       0x10 HAL/Limit Switch.o
 .debug_line    0x00000000       0xc9 HAL/Limit Switch.o
 .debug_str     0x00000000      0x23f HAL/Limit Switch.o
 .comment       0x00000000       0x31 HAL/Limit Switch.o
 .debug_frame   0x00000000       0x24 HAL/Limit Switch.o
 .text          0x00000000        0x0 HAL/Servo.o
 .data          0x00000000        0x0 HAL/Servo.o
 .bss           0x00000000        0x0 HAL/Servo.o
 .text.Servo_Init
                0x00000000       0x1e HAL/Servo.o
 .text.Servo_Angle
                0x00000000       0x22 HAL/Servo.o
 .debug_info    0x00000000      0x198 HAL/Servo.o
 .debug_abbrev  0x00000000       0xa3 HAL/Servo.o
 .debug_aranges
                0x00000000       0x28 HAL/Servo.o
 .debug_ranges  0x00000000       0x18 HAL/Servo.o
 .debug_line    0x00000000       0xe1 HAL/Servo.o
 .debug_str     0x00000000      0x2f7 HAL/Servo.o
 .comment       0x00000000       0x31 HAL/Servo.o
 .debug_frame   0x00000000       0x34 HAL/Servo.o
 .text          0x00000000        0x0 HAL/SevenSegment.o
 .data          0x00000000        0x0 HAL/SevenSegment.o
 .bss           0x00000000        0x0 HAL/SevenSegment.o
 .text.SEVEN_SEGMENT1
                0x00000000       0x1c HAL/SevenSegment.o
 .data.segmentnum
                0x00000000        0xa HAL/SevenSegment.o
 .debug_info    0x00000000      0x1cd HAL/SevenSegment.o
 .debug_abbrev  0x00000000       0xcf HAL/SevenSegment.o
 .debug_loc     0x00000000       0x4e HAL/SevenSegment.o
 .debug_aranges
                0x00000000       0x20 HAL/SevenSegment.o
 .debug_ranges  0x00000000       0x10 HAL/SevenSegment.o
 .debug_line    0x00000000       0xcf HAL/SevenSegment.o
 .debug_str     0x00000000      0x24a HAL/SevenSegment.o
 .comment       0x00000000       0x31 HAL/SevenSegment.o
 .debug_frame   0x00000000       0x2c HAL/SevenSegment.o
 .text          0x00000000        0x0 HAL/Stepper_M.o
 .data          0x00000000        0x0 HAL/Stepper_M.o
 .bss           0x00000000        0x0 HAL/Stepper_M.o
 .text.tog      0x00000000        0x8 HAL/Stepper_M.o
 .text.Stepper_ON
                0x00000000       0xfa HAL/Stepper_M.o
 .text.Stepper_off
                0x00000000        0xa HAL/Stepper_M.o
 .debug_info    0x00000000      0x500 HAL/Stepper_M.o
 .debug_abbrev  0x00000000      0x103 HAL/Stepper_M.o
 .debug_loc     0x00000000      0x16c HAL/Stepper_M.o
 .debug_aranges
                0x00000000       0x30 HAL/Stepper_M.o
 .debug_ranges  0x00000000       0x20 HAL/Stepper_M.o
 .debug_line    0x00000000      0x1ca HAL/Stepper_M.o
 .debug_str     0x00000000      0x394 HAL/Stepper_M.o
 .comment       0x00000000       0x31 HAL/Stepper_M.o
 .debug_frame   0x00000000       0x50 HAL/Stepper_M.o
 .text          0x00000000        0x0 main.o
 .data          0x00000000        0x0 main.o
 .bss           0x00000000        0x0 main.o
 .text          0x00000000        0x0 MCAL/ADC.o
 .data          0x00000000        0x0 MCAL/ADC.o
 .bss           0x00000000        0x0 MCAL/ADC.o
 .text.ADC_Init
                0x00000000       0xe8 MCAL/ADC.o
 .progmem.gcc_sw_table.ADC_Init
                0x00000000        0xe MCAL/ADC.o
 .text.ADC_ReadChannel
                0x00000000       0x1c MCAL/ADC.o
 .debug_info    0x00000000      0x182 MCAL/ADC.o
 .debug_abbrev  0x00000000       0xa3 MCAL/ADC.o
 .debug_loc     0x00000000       0x74 MCAL/ADC.o
 .debug_aranges
                0x00000000       0x28 MCAL/ADC.o
 .debug_ranges  0x00000000       0x18 MCAL/ADC.o
 .debug_line    0x00000000      0x1cf MCAL/ADC.o
 .debug_str     0x00000000      0x24c MCAL/ADC.o
 .comment       0x00000000       0x31 MCAL/ADC.o
 .debug_frame   0x00000000       0x34 MCAL/ADC.o
 .text          0x00000000        0x0 MCAL/DIO.o
 .data          0x00000000        0x0 MCAL/DIO.o
 .bss           0x00000000        0x0 MCAL/DIO.o
 .text.DIO_Initpin
                0x00000000      0x1d2 MCAL/DIO.o
 .text.Init_Pins
                0x00000000       0x20 MCAL/DIO.o
 .text.DIO_InitPort
                0x00000000       0x24 MCAL/DIO.o
 .text.DIO_Writepin
                0x00000000      0x10a MCAL/DIO.o
 .text.DIO_Readpin
                0x00000000       0x70 MCAL/DIO.o
 .text.DIO_Toggle
                0x00000000       0x82 MCAL/DIO.o
 .text.DIO_Writeport
                0x00000000       0x20 MCAL/DIO.o
 .text.DIO_Readport
                0x00000000       0x24 MCAL/DIO.o
 .text.Write_Value_4LSB
                0x00000000       0x48 MCAL/DIO.o
 .text.Write_Value_4MSB
                0x00000000       0x68 MCAL/DIO.o
 .debug_info    0x00000000      0x4cc MCAL/DIO.o
 .debug_abbrev  0x00000000      0x17e MCAL/DIO.o
 .debug_loc     0x00000000      0xae9 MCAL/DIO.o
 .debug_aranges
                0x00000000       0x68 MCAL/DIO.o
 .debug_ranges  0x00000000       0x70 MCAL/DIO.o
 .debug_line    0x00000000      0x483 MCAL/DIO.o
 .debug_str     0x00000000      0x331 MCAL/DIO.o
 .comment       0x00000000       0x31 MCAL/DIO.o
 .debug_frame   0x00000000       0xc8 MCAL/DIO.o
 .text          0x00000000        0x0 MCAL/DIO_lcfg.o
 .data          0x00000000        0x0 MCAL/DIO_lcfg.o
 .bss           0x00000000        0x0 MCAL/DIO_lcfg.o
 .rodata.PinStatusArray
                0x00000000       0x20 MCAL/DIO_lcfg.o
 .debug_info    0x00000000       0xb3 MCAL/DIO_lcfg.o
 .debug_abbrev  0x00000000       0x75 MCAL/DIO_lcfg.o
 .debug_aranges
                0x00000000       0x18 MCAL/DIO_lcfg.o
 .debug_line    0x00000000       0x39 MCAL/DIO_lcfg.o
 .debug_str     0x00000000      0x17f MCAL/DIO_lcfg.o
 .comment       0x00000000       0x31 MCAL/DIO_lcfg.o
 .text          0x00000000        0x0 MCAL/EXTI.o
 .data          0x00000000        0x0 MCAL/EXTI.o
 .bss           0x00000000        0x0 MCAL/EXTI.o
 .text.EXI_TriggerEdge
                0x00000000       0xb8 MCAL/EXTI.o
 .text.EXI_Enable
                0x00000000       0x24 MCAL/EXTI.o
 .text.EXI_Disable
                0x00000000       0x24 MCAL/EXTI.o
 .text.EXI_SetCallBack
                0x00000000       0x2a MCAL/EXTI.o
 .text          0x00000000        0x0 MCAL/I2C.o
 .data          0x00000000        0x0 MCAL/I2C.o
 .bss           0x00000000        0x0 MCAL/I2C.o
 .text.I2C_init
                0x00000000       0x3e MCAL/I2C.o
 .text.I2C_start
                0x00000000        0xc MCAL/I2C.o
 .text.I2C_stop
                0x00000000        0x6 MCAL/I2C.o
 .text.I2C_get_status
                0x00000000        0x6 MCAL/I2C.o
 .text.I2C_write
                0x00000000        0xe MCAL/I2C.o
 .text.I2C_Read_ACK
                0x00000000       0x30 MCAL/I2C.o
 .text.I2C_Read_NACK
                0x00000000       0x18 MCAL/I2C.o
 .text.I2C_write_data
                0x00000000       0x3e MCAL/I2C.o
 .text.I2C_set_address
                0x00000000        0x4 MCAL/I2C.o
 .debug_info    0x00000000      0x222 MCAL/I2C.o
 .debug_abbrev  0x00000000      0x120 MCAL/I2C.o
 .debug_loc     0x00000000       0xec MCAL/I2C.o
 .debug_aranges
                0x00000000       0x60 MCAL/I2C.o
 .debug_ranges  0x00000000       0x50 MCAL/I2C.o
 .debug_line    0x00000000      0x236 MCAL/I2C.o
 .debug_str     0x00000000      0x1de MCAL/I2C.o
 .comment       0x00000000       0x31 MCAL/I2C.o
 .debug_frame   0x00000000       0xb0 MCAL/I2C.o
 .text          0x00000000        0x0 MCAL/SPI.o
 .data          0x00000000        0x0 MCAL/SPI.o
 .bss           0x00000000        0x0 MCAL/SPI.o
 .text.SPI_master_init
                0x00000000       0xbe MCAL/SPI.o
 .progmem.gcc_sw_table.SPI_master_init
                0x00000000        0xe MCAL/SPI.o
 .text.SPI_slave_init
                0x00000000       0x20 MCAL/SPI.o
 .text.SPI_send_recieve
                0x00000000        0xa MCAL/SPI.o
 .text.SPI_send_noblock
                0x00000000        0x4 MCAL/SPI.o
 .text.SPI_send_PC
                0x00000000       0x14 MCAL/SPI.o
 .text.SPI_recieve_PC
                0x00000000       0x16 MCAL/SPI.o
 .text.SPI_recieve_setcallback
                0x00000000       0x10 MCAL/SPI.o
 .text.SPI_interrupt_enable
                0x00000000        0x8 MCAL/SPI.o
 .text.SPI_interrupt_disable
                0x00000000        0x8 MCAL/SPI.o
 COMMON         0x00000000        0x0 MCAL/SPI.o
 .text          0x00000000        0x0 MCAL/Timer0.o
 .data          0x00000000        0x0 MCAL/Timer0.o
 .bss           0x00000000        0x0 MCAL/Timer0.o
 .text.fun_oc0  0x00000000       0x5c MCAL/Timer0.o
 .text.TIMER0_Init
                0x00000000      0x142 MCAL/Timer0.o
 .progmem.gcc_sw_table.TIMER0_Init
                0x00000000       0x10 MCAL/Timer0.o
 .text.TIMER0_OVFInterrupt_Enable
                0x00000000        0x8 MCAL/Timer0.o
 .text.TIMER0_OVFInterrupt_Disable
                0x00000000        0x8 MCAL/Timer0.o
 .text.TIMER0_OCInterrupt_Enable
                0x00000000        0x8 MCAL/Timer0.o
 .text.TIMER0_OCInterrupt_Disable
                0x00000000        0x8 MCAL/Timer0.o
 .text.TIMER0_OVF_SetCallBack
                0x00000000        0xa MCAL/Timer0.o
 .text.TIMER0_OC_SetCallBack
                0x00000000        0xa MCAL/Timer0.o
 .text.TIMER0_SetInterrupt_ms
                0x00000000       0x44 MCAL/Timer0.o
 .bss.C.1826    0x00000000        0x4 MCAL/Timer0.o
 .bss.C_set     0x00000000        0x4 MCAL/Timer0.o
 .bss.pf_OC     0x00000000        0x2 MCAL/Timer0.o
 .text          0x00000000        0x0 MCAL/Timer1.o
 .data          0x00000000        0x0 MCAL/Timer1.o
 .bss           0x00000000        0x0 MCAL/Timer1.o
 .text.fun_oc1  0x00000000       0xb8 MCAL/Timer1.o
 .text.TIMER1_SET
                0x00000000        0x6 MCAL/Timer1.o
 .text.TIMER1_OCA
                0x00000000        0x6 MCAL/Timer1.o
 .text.TIMER1_OCB
                0x00000000        0x6 MCAL/Timer1.o
 .text.Timer1_Init
                0x00000000      0x1dc MCAL/Timer1.o
 .progmem.gcc_sw_table.Timer1_Init
                0x00000000       0x10 MCAL/Timer1.o
 .text.Timer1_InputCaptureEdge
                0x00000000       0x18 MCAL/Timer1.o
 .text.Timer1_ICU_InterruptEnable
                0x00000000        0x8 MCAL/Timer1.o
 .text.Timer1_ICU_InterruptDisable
                0x00000000        0x8 MCAL/Timer1.o
 .text.Timer1_OVF_InterruptEnable
                0x00000000        0x8 MCAL/Timer1.o
 .text.Timer1_OVF_InterruptDisable
                0x00000000        0x8 MCAL/Timer1.o
 .text.Timer1_OCA_InterruptEnable
                0x00000000        0x8 MCAL/Timer1.o
 .text.Timer1_OCA_InterruptDisable
                0x00000000        0x8 MCAL/Timer1.o
 .text.Timer1_OCB_InterruptEnable
                0x00000000        0x8 MCAL/Timer1.o
 .text.Timer1_OCB_InterruptDisable
                0x00000000        0x8 MCAL/Timer1.o
 .text.Timer1_OVF_SetCallBack
                0x00000000        0xa MCAL/Timer1.o
 .text.Timer1_OCA_SetCallBack
                0x00000000        0xa MCAL/Timer1.o
 .text.Timer1_OCB_SetCallBack
                0x00000000        0xa MCAL/Timer1.o
 .text.Timer1_ICU_SetCallBack
                0x00000000        0xa MCAL/Timer1.o
 .text.TIMER1_SetInterrupt_ms
                0x00000000       0x64 MCAL/Timer1.o
 .bss.C.1903    0x00000000        0x8 MCAL/Timer1.o
 .bss.C_set     0x00000000        0x8 MCAL/Timer1.o
 .bss.pf_OC     0x00000000        0x2 MCAL/Timer1.o
 .text          0x00000000        0x0 MCAL/Timer2.o
 .data          0x00000000        0x0 MCAL/Timer2.o
 .bss           0x00000000        0x0 MCAL/Timer2.o
 .text.fun_oc2  0x00000000       0x5c MCAL/Timer2.o
 .text.TIMER2_SET
                0x00000000        0x4 MCAL/Timer2.o
 .text.TIMER2_OC
                0x00000000        0x4 MCAL/Timer2.o
 .text.TIMER2_Init
                0x00000000      0x142 MCAL/Timer2.o
 .progmem.gcc_sw_table.TIMER2_Init
                0x00000000       0x10 MCAL/Timer2.o
 .text.TIMER2_OVFInterrupt_Enable
                0x00000000        0x8 MCAL/Timer2.o
 .text.TIMER2_OVFInterrupt_Disable
                0x00000000        0x8 MCAL/Timer2.o
 .text.TIMER2_OCInterrupt_Enable
                0x00000000        0x8 MCAL/Timer2.o
 .text.TIMER2_OCInterrupt_Disable
                0x00000000        0x8 MCAL/Timer2.o
 .text.TIMER2_OVF_SetCallBack
                0x00000000        0xa MCAL/Timer2.o
 .text.TIMER2_OC_SetCallBack
                0x00000000        0xa MCAL/Timer2.o
 .text.TIMER2_SetInterrupt_ms
                0x00000000       0x44 MCAL/Timer2.o
 .bss.C.1836    0x00000000        0x4 MCAL/Timer2.o
 .bss.C_set     0x00000000        0x4 MCAL/Timer2.o
 .bss.pf_OC     0x00000000        0x2 MCAL/Timer2.o
 .text          0x00000000        0x0 MCAL/UART.o
 .data          0x00000000        0x0 MCAL/UART.o
 .bss           0x00000000        0x0 MCAL/UART.o
 .text.uart_init
                0x00000000       0xf8 MCAL/UART.o
 .text.uart_send
                0x00000000        0x8 MCAL/UART.o
 .text.uart_recieve
                0x00000000        0x8 MCAL/UART.o
 .text.uart_send_PC
                0x00000000       0x14 MCAL/UART.o
 .text.uart_recieve_PC
                0x00000000       0x16 MCAL/UART.o
 .text.uart_recieve_noblock
                0x00000000        0x4 MCAL/UART.o
 .text.RX_Complete_Interrupt_Enable
                0x00000000        0x8 MCAL/UART.o
 .text.RX_Complete_Interrupt_Disable
                0x00000000        0x8 MCAL/UART.o
 .text.TX_Complete_Interrupt_Enable
                0x00000000        0x8 MCAL/UART.o
 .text.TX_Complete_Interrupt_Disable
                0x00000000        0x8 MCAL/UART.o
 .text          0x00000000        0x0 MCAL/WD_Timer.o
 .data          0x00000000        0x0 MCAL/WD_Timer.o
 .bss           0x00000000        0x0 MCAL/WD_Timer.o
 .text.WD_Timer_Start
                0x00000000        0xc MCAL/WD_Timer.o
 .text.WD_Stop  0x00000000        0xa MCAL/WD_Timer.o
 .debug_info    0x00000000      0x101 MCAL/WD_Timer.o
 .debug_abbrev  0x00000000       0x9f MCAL/WD_Timer.o
 .debug_loc     0x00000000       0x40 MCAL/WD_Timer.o
 .debug_aranges
                0x00000000       0x28 MCAL/WD_Timer.o
 .debug_ranges  0x00000000       0x18 MCAL/WD_Timer.o
 .debug_line    0x00000000       0xde MCAL/WD_Timer.o
 .debug_str     0x00000000      0x1cf MCAL/WD_Timer.o
 .comment       0x00000000       0x31 MCAL/WD_Timer.o
 .debug_frame   0x00000000       0x34 MCAL/WD_Timer.o
 .text          0x00000000        0x0 Sensors/Flame Sensor.o
 .data          0x00000000        0x0 Sensors/Flame Sensor.o
 .bss           0x00000000        0x0 Sensors/Flame Sensor.o
 .text.Flame_Read
                0x00000000        0x6 Sensors/Flame Sensor.o
 .debug_info    0x00000000      0x1a9 Sensors/Flame Sensor.o
 .debug_abbrev  0x00000000       0xb2 Sensors/Flame Sensor.o
 .debug_loc     0x00000000       0x21 Sensors/Flame Sensor.o
 .debug_aranges
                0x00000000       0x20 Sensors/Flame Sensor.o
 .debug_ranges  0x00000000       0x10 Sensors/Flame Sensor.o
 .debug_line    0x00000000       0xd1 Sensors/Flame Sensor.o
 .debug_str     0x00000000      0x246 Sensors/Flame Sensor.o
 .comment       0x00000000       0x31 Sensors/Flame Sensor.o
 .debug_frame   0x00000000       0x24 Sensors/Flame Sensor.o
 .text          0x00000000        0x0 Sensors/IR Sensor.o
 .data          0x00000000        0x0 Sensors/IR Sensor.o
 .bss           0x00000000        0x0 Sensors/IR Sensor.o
 .text.IR_Read  0x00000000        0x6 Sensors/IR Sensor.o
 .debug_info    0x00000000      0x1a9 Sensors/IR Sensor.o
 .debug_abbrev  0x00000000       0xb2 Sensors/IR Sensor.o
 .debug_loc     0x00000000       0x21 Sensors/IR Sensor.o
 .debug_aranges
                0x00000000       0x20 Sensors/IR Sensor.o
 .debug_ranges  0x00000000       0x10 Sensors/IR Sensor.o
 .debug_line    0x00000000       0xce Sensors/IR Sensor.o
 .debug_str     0x00000000      0x240 Sensors/IR Sensor.o
 .comment       0x00000000       0x31 Sensors/IR Sensor.o
 .debug_frame   0x00000000       0x24 Sensors/IR Sensor.o
 .text          0x00000000        0x0 Sensors/LDR.o
 .data          0x00000000        0x0 Sensors/LDR.o
 .bss           0x00000000        0x0 Sensors/LDR.o
 .text.LDR_Read
                0x00000000       0x14 Sensors/LDR.o
 .debug_info    0x00000000      0x115 Sensors/LDR.o
 .debug_abbrev  0x00000000       0xb2 Sensors/LDR.o
 .debug_loc     0x00000000       0x21 Sensors/LDR.o
 .debug_aranges
                0x00000000       0x20 Sensors/LDR.o
 .debug_ranges  0x00000000       0x10 Sensors/LDR.o
 .debug_line    0x00000000       0xce Sensors/LDR.o
 .debug_str     0x00000000      0x19b Sensors/LDR.o
 .comment       0x00000000       0x31 Sensors/LDR.o
 .debug_frame   0x00000000       0x24 Sensors/LDR.o
 .text          0x00000000        0x0 Sensors/LM35.o
 .data          0x00000000        0x0 Sensors/LM35.o
 .bss           0x00000000        0x0 Sensors/LM35.o
 .text.Temp_sensor
                0x00000000       0x3a Sensors/LM35.o
 .debug_info    0x00000000      0x129 Sensors/LM35.o
 .debug_abbrev  0x00000000       0xb2 Sensors/LM35.o
 .debug_loc     0x00000000       0x21 Sensors/LM35.o
 .debug_aranges
                0x00000000       0x20 Sensors/LM35.o
 .debug_ranges  0x00000000       0x10 Sensors/LM35.o
 .debug_line    0x00000000       0xd5 Sensors/LM35.o
 .debug_str     0x00000000      0x1a8 Sensors/LM35.o
 .comment       0x00000000       0x31 Sensors/LM35.o
 .debug_frame   0x00000000       0x24 Sensors/LM35.o
 .text          0x00000000        0x0 Services/queue.o
 .data          0x00000000        0x0 Services/queue.o
 .bss           0x00000000        0x0 Services/queue.o
 .text.push_q   0x00000000       0x22 Services/queue.o
 .text.pop_q    0x00000000       0x28 Services/queue.o
 .bss.qp_l      0x00000000        0x1 Services/queue.o
 .bss.qp_f      0x00000000        0x1 Services/queue.o
 .bss.queue     0x00000000       0x32 Services/queue.o
 .debug_info    0x00000000      0x146 Services/queue.o
 .debug_abbrev  0x00000000       0xa8 Services/queue.o
 .debug_loc     0x00000000       0x80 Services/queue.o
 .debug_aranges
                0x00000000       0x28 Services/queue.o
 .debug_ranges  0x00000000       0x18 Services/queue.o
 .debug_line    0x00000000      0x100 Services/queue.o
 .debug_str     0x00000000      0x19b Services/queue.o
 .comment       0x00000000       0x31 Services/queue.o
 .debug_frame   0x00000000       0x34 Services/queue.o
 .text          0x00000000        0x0 Services/Stack.o
 .data          0x00000000        0x0 Services/Stack.o
 .bss           0x00000000        0x0 Services/Stack.o
 .text.push_s   0x00000000       0x42 Services/Stack.o
 .text.pop_s    0x00000000       0x5c Services/Stack.o
 .bss.sp        0x00000000        0x4 Services/Stack.o
 .bss.stack     0x00000000       0x32 Services/Stack.o
 .debug_info    0x00000000      0x13e Services/Stack.o
 .debug_abbrev  0x00000000       0xb9 Services/Stack.o
 .debug_loc     0x00000000       0x7e Services/Stack.o
 .debug_aranges
                0x00000000       0x28 Services/Stack.o
 .debug_ranges  0x00000000       0x18 Services/Stack.o
 .debug_line    0x00000000      0x106 Services/Stack.o
 .debug_str     0x00000000      0x19a Services/Stack.o
 .comment       0x00000000       0x31 Services/Stack.o
 .debug_frame   0x00000000       0x34 Services/Stack.o
 .text          0x00000000        0x0 Services/UART_services.o
 .data          0x00000000        0x0 Services/UART_services.o
 .bss           0x00000000        0x0 Services/UART_services.o
 .text.uart_send_int
                0x00000000       0x42 Services/UART_services.o
 .text.uart_recieve_int
                0x00000000       0x56 Services/UART_services.o
 .text.uart_send_string
                0x00000000       0x2a Services/UART_services.o
 .text.uart_recieve_string
                0x00000000       0x40 Services/UART_services.o
 .text.uart_send_str_cs
                0x00000000       0x58 Services/UART_services.o
 .text.uart_recieve_str_cs
                0x00000000       0x6c Services/UART_services.o
 .text.uart_send_Asynch
                0x00000000       0x1e Services/UART_services.o
 .text.uart_recieve_Asynch
                0x00000000        0x2 Services/UART_services.o
 .text          0x00000000        0x0 c:/program files (x86)/atmel/studio/7.0/toolchain/avr8/avr8-gnu-toolchain/bin/../lib/gcc/avr/5.4.0/../../../../avr/lib/avr5\libm.a(addsf3.o)
 .data          0x00000000        0x0 c:/program files (x86)/atmel/studio/7.0/toolchain/avr8/avr8-gnu-toolchain/bin/../lib/gcc/avr/5.4.0/../../../../avr/lib/avr5\libm.a(addsf3.o)
 .bss           0x00000000        0x0 c:/program files (x86)/atmel/studio/7.0/toolchain/avr8/avr8-gnu-toolchain/bin/../lib/gcc/avr/5.4.0/../../../../avr/lib/avr5\libm.a(addsf3.o)
 .text.avr-libc.fplib
                0x00000000        0xe c:/program files (x86)/atmel/studio/7.0/toolchain/avr8/avr8-gnu-toolchain/bin/../lib/gcc/avr/5.4.0/../../../../avr/lib/avr5\libm.a(addsf3.o)
 .text          0x00000000        0x0 c:/program files (x86)/atmel/studio/7.0/toolchain/avr8/avr8-gnu-toolchain/bin/../lib/gcc/avr/5.4.0/../../../../avr/lib/avr5\libm.a(addsf3x.o)
 .data          0x00000000        0x0 c:/program files (x86)/atmel/studio/7.0/toolchain/avr8/avr8-gnu-toolchain/bin/../lib/gcc/avr/5.4.0/../../../../avr/lib/avr5\libm.a(addsf3x.o)
 .bss           0x00000000        0x0 c:/program files (x86)/atmel/studio/7.0/toolchain/avr8/avr8-gnu-toolchain/bin/../lib/gcc/avr/5.4.0/../../../../avr/lib/avr5\libm.a(addsf3x.o)
 .text.avr-libc.fplib
                0x00000000       0xcc c:/program files (x86)/atmel/studio/7.0/toolchain/avr8/avr8-gnu-toolchain/bin/../lib/gcc/avr/5.4.0/../../../../avr/lib/avr5\libm.a(addsf3x.o)
 .text          0x00000000        0x0 c:/program files (x86)/atmel/studio/7.0/toolchain/avr8/avr8-gnu-toolchain/bin/../lib/gcc/avr/5.4.0/../../../../avr/lib/avr5\libm.a(cmpsf2.o)
 .data          0x00000000        0x0 c:/program files (x86)/atmel/studio/7.0/toolchain/avr8/avr8-gnu-toolchain/bin/../lib/gcc/avr/5.4.0/../../../../avr/lib/avr5\libm.a(cmpsf2.o)
 .bss           0x00000000        0x0 c:/program files (x86)/atmel/studio/7.0/toolchain/avr8/avr8-gnu-toolchain/bin/../lib/gcc/avr/5.4.0/../../../../avr/lib/avr5\libm.a(cmpsf2.o)
 .text.avr-libc.fplib
                0x00000000        0xa c:/program files (x86)/atmel/studio/7.0/toolchain/avr8/avr8-gnu-toolchain/bin/../lib/gcc/avr/5.4.0/../../../../avr/lib/avr5\libm.a(cmpsf2.o)
 .text          0x00000000        0x0 c:/program files (x86)/atmel/studio/7.0/toolchain/avr8/avr8-gnu-toolchain/bin/../lib/gcc/avr/5.4.0/../../../../avr/lib/avr5\libm.a(fixsfsi.o)
 .data          0x00000000        0x0 c:/program files (x86)/atmel/studio/7.0/toolchain/avr8/avr8-gnu-toolchain/bin/../lib/gcc/avr/5.4.0/../../../../avr/lib/avr5\libm.a(fixsfsi.o)
 .bss           0x00000000        0x0 c:/program files (x86)/atmel/studio/7.0/toolchain/avr8/avr8-gnu-toolchain/bin/../lib/gcc/avr/5.4.0/../../../../avr/lib/avr5\libm.a(fixsfsi.o)
 .text.avr-libc.fplib
                0x00000000        0xe c:/program files (x86)/atmel/studio/7.0/toolchain/avr8/avr8-gnu-toolchain/bin/../lib/gcc/avr/5.4.0/../../../../avr/lib/avr5\libm.a(fixsfsi.o)
 .text          0x00000000        0x0 c:/program files (x86)/atmel/studio/7.0/toolchain/avr8/avr8-gnu-toolchain/bin/../lib/gcc/avr/5.4.0/../../../../avr/lib/avr5\libm.a(fixunssfsi.o)
 .data          0x00000000        0x0 c:/program files (x86)/atmel/studio/7.0/toolchain/avr8/avr8-gnu-toolchain/bin/../lib/gcc/avr/5.4.0/../../../../avr/lib/avr5\libm.a(fixunssfsi.o)
 .bss           0x00000000        0x0 c:/program files (x86)/atmel/studio/7.0/toolchain/avr8/avr8-gnu-toolchain/bin/../lib/gcc/avr/5.4.0/../../../../avr/lib/avr5\libm.a(fixunssfsi.o)
 .text.avr-libc.fplib
                0x00000000       0x5e c:/program files (x86)/atmel/studio/7.0/toolchain/avr8/avr8-gnu-toolchain/bin/../lib/gcc/avr/5.4.0/../../../../avr/lib/avr5\libm.a(fixunssfsi.o)
 .text          0x00000000        0x0 c:/program files (x86)/atmel/studio/7.0/toolchain/avr8/avr8-gnu-toolchain/bin/../lib/gcc/avr/5.4.0/../../../../avr/lib/avr5\libm.a(floatsisf.o)
 .data          0x00000000        0x0 c:/program files (x86)/atmel/studio/7.0/toolchain/avr8/avr8-gnu-toolchain/bin/../lib/gcc/avr/5.4.0/../../../../avr/lib/avr5\libm.a(floatsisf.o)
 .bss           0x00000000        0x0 c:/program files (x86)/atmel/studio/7.0/toolchain/avr8/avr8-gnu-toolchain/bin/../lib/gcc/avr/5.4.0/../../../../avr/lib/avr5\libm.a(floatsisf.o)
 .text.avr-libc.fplib
                0x00000000       0x7a c:/program files (x86)/atmel/studio/7.0/toolchain/avr8/avr8-gnu-toolchain/bin/../lib/gcc/avr/5.4.0/../../../../avr/lib/avr5\libm.a(floatsisf.o)
 .text          0x00000000        0x0 c:/program files (x86)/atmel/studio/7.0/toolchain/avr8/avr8-gnu-toolchain/bin/../lib/gcc/avr/5.4.0/../../../../avr/lib/avr5\libm.a(fp_cmp.o)
 .data          0x00000000        0x0 c:/program files (x86)/atmel/studio/7.0/toolchain/avr8/avr8-gnu-toolchain/bin/../lib/gcc/avr/5.4.0/../../../../avr/lib/avr5\libm.a(fp_cmp.o)
 .bss           0x00000000        0x0 c:/program files (x86)/atmel/studio/7.0/toolchain/avr8/avr8-gnu-toolchain/bin/../lib/gcc/avr/5.4.0/../../../../avr/lib/avr5\libm.a(fp_cmp.o)
 .text.avr-libc.fplib
                0x00000000       0x48 c:/program files (x86)/atmel/studio/7.0/toolchain/avr8/avr8-gnu-toolchain/bin/../lib/gcc/avr/5.4.0/../../../../avr/lib/avr5\libm.a(fp_cmp.o)
 .text          0x00000000        0x0 c:/program files (x86)/atmel/studio/7.0/toolchain/avr8/avr8-gnu-toolchain/bin/../lib/gcc/avr/5.4.0/../../../../avr/lib/avr5\libm.a(fp_inf.o)
 .data          0x00000000        0x0 c:/program files (x86)/atmel/studio/7.0/toolchain/avr8/avr8-gnu-toolchain/bin/../lib/gcc/avr/5.4.0/../../../../avr/lib/avr5\libm.a(fp_inf.o)
 .bss           0x00000000        0x0 c:/program files (x86)/atmel/studio/7.0/toolchain/avr8/avr8-gnu-toolchain/bin/../lib/gcc/avr/5.4.0/../../../../avr/lib/avr5\libm.a(fp_inf.o)
 .text.avr-libc.fplib
                0x00000000        0xc c:/program files (x86)/atmel/studio/7.0/toolchain/avr8/avr8-gnu-toolchain/bin/../lib/gcc/avr/5.4.0/../../../../avr/lib/avr5\libm.a(fp_inf.o)
 .text          0x00000000        0x0 c:/program files (x86)/atmel/studio/7.0/toolchain/avr8/avr8-gnu-toolchain/bin/../lib/gcc/avr/5.4.0/../../../../avr/lib/avr5\libm.a(fp_nan.o)
 .data          0x00000000        0x0 c:/program files (x86)/atmel/studio/7.0/toolchain/avr8/avr8-gnu-toolchain/bin/../lib/gcc/avr/5.4.0/../../../../avr/lib/avr5\libm.a(fp_nan.o)
 .bss           0x00000000        0x0 c:/program files (x86)/atmel/studio/7.0/toolchain/avr8/avr8-gnu-toolchain/bin/../lib/gcc/avr/5.4.0/../../../../avr/lib/avr5\libm.a(fp_nan.o)
 .text.avr-libc.fplib
                0x00000000        0x6 c:/program files (x86)/atmel/studio/7.0/toolchain/avr8/avr8-gnu-toolchain/bin/../lib/gcc/avr/5.4.0/../../../../avr/lib/avr5\libm.a(fp_nan.o)
 .text          0x00000000        0x0 c:/program files (x86)/atmel/studio/7.0/toolchain/avr8/avr8-gnu-toolchain/bin/../lib/gcc/avr/5.4.0/../../../../avr/lib/avr5\libm.a(fp_pscA.o)
 .data          0x00000000        0x0 c:/program files (x86)/atmel/studio/7.0/toolchain/avr8/avr8-gnu-toolchain/bin/../lib/gcc/avr/5.4.0/../../../../avr/lib/avr5\libm.a(fp_pscA.o)
 .bss           0x00000000        0x0 c:/program files (x86)/atmel/studio/7.0/toolchain/avr8/avr8-gnu-toolchain/bin/../lib/gcc/avr/5.4.0/../../../../avr/lib/avr5\libm.a(fp_pscA.o)
 .text.avr-libc.fplib
                0x00000000        0xe c:/program files (x86)/atmel/studio/7.0/toolchain/avr8/avr8-gnu-toolchain/bin/../lib/gcc/avr/5.4.0/../../../../avr/lib/avr5\libm.a(fp_pscA.o)
 .text          0x00000000        0x0 c:/program files (x86)/atmel/studio/7.0/toolchain/avr8/avr8-gnu-toolchain/bin/../lib/gcc/avr/5.4.0/../../../../avr/lib/avr5\libm.a(fp_pscB.o)
 .data          0x00000000        0x0 c:/program files (x86)/atmel/studio/7.0/toolchain/avr8/avr8-gnu-toolchain/bin/../lib/gcc/avr/5.4.0/../../../../avr/lib/avr5\libm.a(fp_pscB.o)
 .bss           0x00000000        0x0 c:/program files (x86)/atmel/studio/7.0/toolchain/avr8/avr8-gnu-toolchain/bin/../lib/gcc/avr/5.4.0/../../../../avr/lib/avr5\libm.a(fp_pscB.o)
 .text.avr-libc.fplib
                0x00000000        0xe c:/program files (x86)/atmel/studio/7.0/toolchain/avr8/avr8-gnu-toolchain/bin/../lib/gcc/avr/5.4.0/../../../../avr/lib/avr5\libm.a(fp_pscB.o)
 .text          0x00000000        0x0 c:/program files (x86)/atmel/studio/7.0/toolchain/avr8/avr8-gnu-toolchain/bin/../lib/gcc/avr/5.4.0/../../../../avr/lib/avr5\libm.a(fp_round.o)
 .data          0x00000000        0x0 c:/program files (x86)/atmel/studio/7.0/toolchain/avr8/avr8-gnu-toolchain/bin/../lib/gcc/avr/5.4.0/../../../../avr/lib/avr5\libm.a(fp_round.o)
 .bss           0x00000000        0x0 c:/program files (x86)/atmel/studio/7.0/toolchain/avr8/avr8-gnu-toolchain/bin/../lib/gcc/avr/5.4.0/../../../../avr/lib/avr5\libm.a(fp_round.o)
 .text.avr-libc.fplib
                0x00000000       0x22 c:/program files (x86)/atmel/studio/7.0/toolchain/avr8/avr8-gnu-toolchain/bin/../lib/gcc/avr/5.4.0/../../../../avr/lib/avr5\libm.a(fp_round.o)
 .text          0x00000000        0x0 c:/program files (x86)/atmel/studio/7.0/toolchain/avr8/avr8-gnu-toolchain/bin/../lib/gcc/avr/5.4.0/../../../../avr/lib/avr5\libm.a(fp_split3.o)
 .data          0x00000000        0x0 c:/program files (x86)/atmel/studio/7.0/toolchain/avr8/avr8-gnu-toolchain/bin/../lib/gcc/avr/5.4.0/../../../../avr/lib/avr5\libm.a(fp_split3.o)
 .bss           0x00000000        0x0 c:/program files (x86)/atmel/studio/7.0/toolchain/avr8/avr8-gnu-toolchain/bin/../lib/gcc/avr/5.4.0/../../../../avr/lib/avr5\libm.a(fp_split3.o)
 .text.avr-libc.fplib
                0x00000000       0x44 c:/program files (x86)/atmel/studio/7.0/toolchain/avr8/avr8-gnu-toolchain/bin/../lib/gcc/avr/5.4.0/../../../../avr/lib/avr5\libm.a(fp_split3.o)
 .text          0x00000000        0x0 c:/program files (x86)/atmel/studio/7.0/toolchain/avr8/avr8-gnu-toolchain/bin/../lib/gcc/avr/5.4.0/../../../../avr/lib/avr5\libm.a(fp_zero.o)
 .data          0x00000000        0x0 c:/program files (x86)/atmel/studio/7.0/toolchain/avr8/avr8-gnu-toolchain/bin/../lib/gcc/avr/5.4.0/../../../../avr/lib/avr5\libm.a(fp_zero.o)
 .bss           0x00000000        0x0 c:/program files (x86)/atmel/studio/7.0/toolchain/avr8/avr8-gnu-toolchain/bin/../lib/gcc/avr/5.4.0/../../../../avr/lib/avr5\libm.a(fp_zero.o)
 .text.avr-libc.fplib
                0x00000000        0xe c:/program files (x86)/atmel/studio/7.0/toolchain/avr8/avr8-gnu-toolchain/bin/../lib/gcc/avr/5.4.0/../../../../avr/lib/avr5\libm.a(fp_zero.o)
 .text          0x00000000        0x0 c:/program files (x86)/atmel/studio/7.0/toolchain/avr8/avr8-gnu-toolchain/bin/../lib/gcc/avr/5.4.0/../../../../avr/lib/avr5\libm.a(mulsf3.o)
 .data          0x00000000        0x0 c:/program files (x86)/atmel/studio/7.0/toolchain/avr8/avr8-gnu-toolchain/bin/../lib/gcc/avr/5.4.0/../../../../avr/lib/avr5\libm.a(mulsf3.o)
 .bss           0x00000000        0x0 c:/program files (x86)/atmel/studio/7.0/toolchain/avr8/avr8-gnu-toolchain/bin/../lib/gcc/avr/5.4.0/../../../../avr/lib/avr5\libm.a(mulsf3.o)
 .text.avr-libc.fplib
                0x00000000        0x8 c:/program files (x86)/atmel/studio/7.0/toolchain/avr8/avr8-gnu-toolchain/bin/../lib/gcc/avr/5.4.0/../../../../avr/lib/avr5\libm.a(mulsf3.o)
 .text          0x00000000        0x0 c:/program files (x86)/atmel/studio/7.0/toolchain/avr8/avr8-gnu-toolchain/bin/../lib/gcc/avr/5.4.0/../../../../avr/lib/avr5\libm.a(mulsf3x.o)
 .data          0x00000000        0x0 c:/program files (x86)/atmel/studio/7.0/toolchain/avr8/avr8-gnu-toolchain/bin/../lib/gcc/avr/5.4.0/../../../../avr/lib/avr5\libm.a(mulsf3x.o)
 .bss           0x00000000        0x0 c:/program files (x86)/atmel/studio/7.0/toolchain/avr8/avr8-gnu-toolchain/bin/../lib/gcc/avr/5.4.0/../../../../avr/lib/avr5\libm.a(mulsf3x.o)
 .text.avr-libc.fplib
                0x00000000       0xd2 c:/program files (x86)/atmel/studio/7.0/toolchain/avr8/avr8-gnu-toolchain/bin/../lib/gcc/avr/5.4.0/../../../../avr/lib/avr5\libm.a(mulsf3x.o)
 .text          0x00000000        0x0 c:/program files (x86)/atmel/studio/7.0/toolchain/avr8/avr8-gnu-toolchain/bin/../lib/gcc/avr/5.4.0/avr5\libgcc.a(_divmodhi4.o)
 .data          0x00000000        0x0 c:/program files (x86)/atmel/studio/7.0/toolchain/avr8/avr8-gnu-toolchain/bin/../lib/gcc/avr/5.4.0/avr5\libgcc.a(_divmodhi4.o)
 .bss           0x00000000        0x0 c:/program files (x86)/atmel/studio/7.0/toolchain/avr8/avr8-gnu-toolchain/bin/../lib/gcc/avr/5.4.0/avr5\libgcc.a(_divmodhi4.o)
 .text.libgcc.mul
                0x00000000        0x0 c:/program files (x86)/atmel/studio/7.0/toolchain/avr8/avr8-gnu-toolchain/bin/../lib/gcc/avr/5.4.0/avr5\libgcc.a(_divmodhi4.o)
 .text.libgcc.div
                0x00000000       0x28 c:/program files (x86)/atmel/studio/7.0/toolchain/avr8/avr8-gnu-toolchain/bin/../lib/gcc/avr/5.4.0/avr5\libgcc.a(_divmodhi4.o)
 .text.libgcc   0x00000000        0x0 c:/program files (x86)/atmel/studio/7.0/toolchain/avr8/avr8-gnu-toolchain/bin/../lib/gcc/avr/5.4.0/avr5\libgcc.a(_divmodhi4.o)
 .text.libgcc.prologue
                0x00000000        0x0 c:/program files (x86)/atmel/studio/7.0/toolchain/avr8/avr8-gnu-toolchain/bin/../lib/gcc/avr/5.4.0/avr5\libgcc.a(_divmodhi4.o)
 .text.libgcc.builtins
                0x00000000        0x0 c:/program files (x86)/atmel/studio/7.0/toolchain/avr8/avr8-gnu-toolchain/bin/../lib/gcc/avr/5.4.0/avr5\libgcc.a(_divmodhi4.o)
 .text.libgcc.fmul
                0x00000000        0x0 c:/program files (x86)/atmel/studio/7.0/toolchain/avr8/avr8-gnu-toolchain/bin/../lib/gcc/avr/5.4.0/avr5\libgcc.a(_divmodhi4.o)
 .text.libgcc.fixed
                0x00000000        0x0 c:/program files (x86)/atmel/studio/7.0/toolchain/avr8/avr8-gnu-toolchain/bin/../lib/gcc/avr/5.4.0/avr5\libgcc.a(_divmodhi4.o)
 .text          0x00000000        0x0 c:/program files (x86)/atmel/studio/7.0/toolchain/avr8/avr8-gnu-toolchain/bin/../lib/gcc/avr/5.4.0/avr5\libgcc.a(_udivmodsi4.o)
 .data          0x00000000        0x0 c:/program files (x86)/atmel/studio/7.0/toolchain/avr8/avr8-gnu-toolchain/bin/../lib/gcc/avr/5.4.0/avr5\libgcc.a(_udivmodsi4.o)
 .bss           0x00000000        0x0 c:/program files (x86)/atmel/studio/7.0/toolchain/avr8/avr8-gnu-toolchain/bin/../lib/gcc/avr/5.4.0/avr5\libgcc.a(_udivmodsi4.o)
 .text.libgcc.mul
                0x00000000        0x0 c:/program files (x86)/atmel/studio/7.0/toolchain/avr8/avr8-gnu-toolchain/bin/../lib/gcc/avr/5.4.0/avr5\libgcc.a(_udivmodsi4.o)
 .text.libgcc.div
                0x00000000       0x44 c:/program files (x86)/atmel/studio/7.0/toolchain/avr8/avr8-gnu-toolchain/bin/../lib/gcc/avr/5.4.0/avr5\libgcc.a(_udivmodsi4.o)
 .text.libgcc   0x00000000        0x0 c:/program files (x86)/atmel/studio/7.0/toolchain/avr8/avr8-gnu-toolchain/bin/../lib/gcc/avr/5.4.0/avr5\libgcc.a(_udivmodsi4.o)
 .text.libgcc.prologue
                0x00000000        0x0 c:/program files (x86)/atmel/studio/7.0/toolchain/avr8/avr8-gnu-toolchain/bin/../lib/gcc/avr/5.4.0/avr5\libgcc.a(_udivmodsi4.o)
 .text.libgcc.builtins
                0x00000000        0x0 c:/program files (x86)/atmel/studio/7.0/toolchain/avr8/avr8-gnu-toolchain/bin/../lib/gcc/avr/5.4.0/avr5\libgcc.a(_udivmodsi4.o)
 .text.libgcc.fmul
                0x00000000        0x0 c:/program files (x86)/atmel/studio/7.0/toolchain/avr8/avr8-gnu-toolchain/bin/../lib/gcc/avr/5.4.0/avr5\libgcc.a(_udivmodsi4.o)
 .text.libgcc.fixed
                0x00000000        0x0 c:/program files (x86)/atmel/studio/7.0/toolchain/avr8/avr8-gnu-toolchain/bin/../lib/gcc/avr/5.4.0/avr5\libgcc.a(_udivmodsi4.o)
 .text          0x00000000        0x0 c:/program files (x86)/atmel/studio/7.0/toolchain/avr8/avr8-gnu-toolchain/bin/../lib/gcc/avr/5.4.0/avr5\libgcc.a(_divmodsi4.o)
 .data          0x00000000        0x0 c:/program files (x86)/atmel/studio/7.0/toolchain/avr8/avr8-gnu-toolchain/bin/../lib/gcc/avr/5.4.0/avr5\libgcc.a(_divmodsi4.o)
 .bss           0x00000000        0x0 c:/program files (x86)/atmel/studio/7.0/toolchain/avr8/avr8-gnu-toolchain/bin/../lib/gcc/avr/5.4.0/avr5\libgcc.a(_divmodsi4.o)
 .text.libgcc.mul
                0x00000000        0x0 c:/program files (x86)/atmel/studio/7.0/toolchain/avr8/avr8-gnu-toolchain/bin/../lib/gcc/avr/5.4.0/avr5\libgcc.a(_divmodsi4.o)
 .text.libgcc.div
                0x00000000       0x2e c:/program files (x86)/atmel/studio/7.0/toolchain/avr8/avr8-gnu-toolchain/bin/../lib/gcc/avr/5.4.0/avr5\libgcc.a(_divmodsi4.o)
 .text.libgcc   0x00000000        0x0 c:/program files (x86)/atmel/studio/7.0/toolchain/avr8/avr8-gnu-toolchain/bin/../lib/gcc/avr/5.4.0/avr5\libgcc.a(_divmodsi4.o)
 .text.libgcc.prologue
                0x00000000        0x0 c:/program files (x86)/atmel/studio/7.0/toolchain/avr8/avr8-gnu-toolchain/bin/../lib/gcc/avr/5.4.0/avr5\libgcc.a(_divmodsi4.o)
 .text.libgcc.builtins
                0x00000000        0x0 c:/program files (x86)/atmel/studio/7.0/toolchain/avr8/avr8-gnu-toolchain/bin/../lib/gcc/avr/5.4.0/avr5\libgcc.a(_divmodsi4.o)
 .text.libgcc.fmul
                0x00000000        0x0 c:/program files (x86)/atmel/studio/7.0/toolchain/avr8/avr8-gnu-toolchain/bin/../lib/gcc/avr/5.4.0/avr5\libgcc.a(_divmodsi4.o)
 .text.libgcc.fixed
                0x00000000        0x0 c:/program files (x86)/atmel/studio/7.0/toolchain/avr8/avr8-gnu-toolchain/bin/../lib/gcc/avr/5.4.0/avr5\libgcc.a(_divmodsi4.o)
 .text          0x00000000        0x0 c:/program files (x86)/atmel/studio/7.0/toolchain/avr8/avr8-gnu-toolchain/bin/../lib/gcc/avr/5.4.0/avr5\libgcc.a(_negsi2.o)
 .data          0x00000000        0x0 c:/program files (x86)/atmel/studio/7.0/toolchain/avr8/avr8-gnu-toolchain/bin/../lib/gcc/avr/5.4.0/avr5\libgcc.a(_negsi2.o)
 .bss           0x00000000        0x0 c:/program files (x86)/atmel/studio/7.0/toolchain/avr8/avr8-gnu-toolchain/bin/../lib/gcc/avr/5.4.0/avr5\libgcc.a(_negsi2.o)
 .text.libgcc.mul
                0x00000000        0x0 c:/program files (x86)/atmel/studio/7.0/toolchain/avr8/avr8-gnu-toolchain/bin/../lib/gcc/avr/5.4.0/avr5\libgcc.a(_negsi2.o)
 .text.libgcc.div
                0x00000000       0x10 c:/program files (x86)/atmel/studio/7.0/toolchain/avr8/avr8-gnu-toolchain/bin/../lib/gcc/avr/5.4.0/avr5\libgcc.a(_negsi2.o)
 .text.libgcc   0x00000000        0x0 c:/program files (x86)/atmel/studio/7.0/toolchain/avr8/avr8-gnu-toolchain/bin/../lib/gcc/avr/5.4.0/avr5\libgcc.a(_negsi2.o)
 .text.libgcc.prologue
                0x00000000        0x0 c:/program files (x86)/atmel/studio/7.0/toolchain/avr8/avr8-gnu-toolchain/bin/../lib/gcc/avr/5.4.0/avr5\libgcc.a(_negsi2.o)
 .text.libgcc.builtins
                0x00000000        0x0 c:/program files (x86)/atmel/studio/7.0/toolchain/avr8/avr8-gnu-toolchain/bin/../lib/gcc/avr/5.4.0/avr5\libgcc.a(_negsi2.o)
 .text.libgcc.fmul
                0x00000000        0x0 c:/program files (x86)/atmel/studio/7.0/toolchain/avr8/avr8-gnu-toolchain/bin/../lib/gcc/avr/5.4.0/avr5\libgcc.a(_negsi2.o)
 .text.libgcc.fixed
                0x00000000        0x0 c:/program files (x86)/atmel/studio/7.0/toolchain/avr8/avr8-gnu-toolchain/bin/../lib/gcc/avr/5.4.0/avr5\libgcc.a(_negsi2.o)
 .text          0x00000000        0x0 c:/program files (x86)/atmel/studio/7.0/toolchain/avr8/avr8-gnu-toolchain/bin/../lib/gcc/avr/5.4.0/avr5\libgcc.a(_exit.o)
 .data          0x00000000        0x0 c:/program files (x86)/atmel/studio/7.0/toolchain/avr8/avr8-gnu-toolchain/bin/../lib/gcc/avr/5.4.0/avr5\libgcc.a(_exit.o)
 .bss           0x00000000        0x0 c:/program files (x86)/atmel/studio/7.0/toolchain/avr8/avr8-gnu-toolchain/bin/../lib/gcc/avr/5.4.0/avr5\libgcc.a(_exit.o)
 .text.libgcc.mul
                0x00000000        0x0 c:/program files (x86)/atmel/studio/7.0/toolchain/avr8/avr8-gnu-toolchain/bin/../lib/gcc/avr/5.4.0/avr5\libgcc.a(_exit.o)
 .text.libgcc.div
                0x00000000        0x0 c:/program files (x86)/atmel/studio/7.0/toolchain/avr8/avr8-gnu-toolchain/bin/../lib/gcc/avr/5.4.0/avr5\libgcc.a(_exit.o)
 .text.libgcc   0x00000000        0x0 c:/program files (x86)/atmel/studio/7.0/toolchain/avr8/avr8-gnu-toolchain/bin/../lib/gcc/avr/5.4.0/avr5\libgcc.a(_exit.o)
 .text.libgcc.prologue
                0x00000000        0x0 c:/program files (x86)/atmel/studio/7.0/toolchain/avr8/avr8-gnu-toolchain/bin/../lib/gcc/avr/5.4.0/avr5\libgcc.a(_exit.o)
 .text.libgcc.builtins
                0x00000000        0x0 c:/program files (x86)/atmel/studio/7.0/toolchain/avr8/avr8-gnu-toolchain/bin/../lib/gcc/avr/5.4.0/avr5\libgcc.a(_exit.o)
 .text.libgcc.fmul
                0x00000000        0x0 c:/program files (x86)/atmel/studio/7.0/toolchain/avr8/avr8-gnu-toolchain/bin/../lib/gcc/avr/5.4.0/avr5\libgcc.a(_exit.o)
 .text.libgcc.fixed
                0x00000000        0x0 c:/program files (x86)/atmel/studio/7.0/toolchain/avr8/avr8-gnu-toolchain/bin/../lib/gcc/avr/5.4.0/avr5\libgcc.a(_exit.o)
 .text          0x00000000        0x0 c:/program files (x86)/atmel/studio/7.0/toolchain/avr8/avr8-gnu-toolchain/bin/../lib/gcc/avr/5.4.0/avr5\libgcc.a(_tablejump2.o)
 .data          0x00000000        0x0 c:/program files (x86)/atmel/studio/7.0/toolchain/avr8/avr8-gnu-toolchain/bin/../lib/gcc/avr/5.4.0/avr5\libgcc.a(_tablejump2.o)
 .bss           0x00000000        0x0 c:/program files (x86)/atmel/studio/7.0/toolchain/avr8/avr8-gnu-toolchain/bin/../lib/gcc/avr/5.4.0/avr5\libgcc.a(_tablejump2.o)
 .text.libgcc.mul
                0x00000000        0x0 c:/program files (x86)/atmel/studio/7.0/toolchain/avr8/avr8-gnu-toolchain/bin/../lib/gcc/avr/5.4.0/avr5\libgcc.a(_tablejump2.o)
 .text.libgcc.div
                0x00000000        0x0 c:/program files (x86)/atmel/studio/7.0/toolchain/avr8/avr8-gnu-toolchain/bin/../lib/gcc/avr/5.4.0/avr5\libgcc.a(_tablejump2.o)
 .text.libgcc   0x00000000        0xc c:/program files (x86)/atmel/studio/7.0/toolchain/avr8/avr8-gnu-toolchain/bin/../lib/gcc/avr/5.4.0/avr5\libgcc.a(_tablejump2.o)
 .text.libgcc.prologue
                0x00000000        0x0 c:/program files (x86)/atmel/studio/7.0/toolchain/avr8/avr8-gnu-toolchain/bin/../lib/gcc/avr/5.4.0/avr5\libgcc.a(_tablejump2.o)
 .text.libgcc.builtins
                0x00000000        0x0 c:/program files (x86)/atmel/studio/7.0/toolchain/avr8/avr8-gnu-toolchain/bin/../lib/gcc/avr/5.4.0/avr5\libgcc.a(_tablejump2.o)
 .text.libgcc.fmul
                0x00000000        0x0 c:/program files (x86)/atmel/studio/7.0/toolchain/avr8/avr8-gnu-toolchain/bin/../lib/gcc/avr/5.4.0/avr5\libgcc.a(_tablejump2.o)
 .text.libgcc.fixed
                0x00000000        0x0 c:/program files (x86)/atmel/studio/7.0/toolchain/avr8/avr8-gnu-toolchain/bin/../lib/gcc/avr/5.4.0/avr5\libgcc.a(_tablejump2.o)
 .text          0x00000000        0x0 c:/program files (x86)/atmel/studio/7.0/toolchain/avr8/avr8-gnu-toolchain/bin/../lib/gcc/avr/5.4.0/avr5\libgcc.a(_copy_data.o)
 .data          0x00000000        0x0 c:/program files (x86)/atmel/studio/7.0/toolchain/avr8/avr8-gnu-toolchain/bin/../lib/gcc/avr/5.4.0/avr5\libgcc.a(_copy_data.o)
 .bss           0x00000000        0x0 c:/program files (x86)/atmel/studio/7.0/toolchain/avr8/avr8-gnu-toolchain/bin/../lib/gcc/avr/5.4.0/avr5\libgcc.a(_copy_data.o)
 .text.libgcc.mul
                0x00000000        0x0 c:/program files (x86)/atmel/studio/7.0/toolchain/avr8/avr8-gnu-toolchain/bin/../lib/gcc/avr/5.4.0/avr5\libgcc.a(_copy_data.o)
 .text.libgcc.div
                0x00000000        0x0 c:/program files (x86)/atmel/studio/7.0/toolchain/avr8/avr8-gnu-toolchain/bin/../lib/gcc/avr/5.4.0/avr5\libgcc.a(_copy_data.o)
 .text.libgcc   0x00000000        0x0 c:/program files (x86)/atmel/studio/7.0/toolchain/avr8/avr8-gnu-toolchain/bin/../lib/gcc/avr/5.4.0/avr5\libgcc.a(_copy_data.o)
 .text.libgcc.prologue
                0x00000000        0x0 c:/program files (x86)/atmel/studio/7.0/toolchain/avr8/avr8-gnu-toolchain/bin/../lib/gcc/avr/5.4.0/avr5\libgcc.a(_copy_data.o)
 .text.libgcc.builtins
                0x00000000        0x0 c:/program files (x86)/atmel/studio/7.0/toolchain/avr8/avr8-gnu-toolchain/bin/../lib/gcc/avr/5.4.0/avr5\libgcc.a(_copy_data.o)
 .text.libgcc.fmul
                0x00000000        0x0 c:/program files (x86)/atmel/studio/7.0/toolchain/avr8/avr8-gnu-toolchain/bin/../lib/gcc/avr/5.4.0/avr5\libgcc.a(_copy_data.o)
 .text.libgcc.fixed
                0x00000000        0x0 c:/program files (x86)/atmel/studio/7.0/toolchain/avr8/avr8-gnu-toolchain/bin/../lib/gcc/avr/5.4.0/avr5\libgcc.a(_copy_data.o)
 .text          0x00000000        0x0 c:/program files (x86)/atmel/studio/7.0/toolchain/avr8/avr8-gnu-toolchain/bin/../lib/gcc/avr/5.4.0/avr5\libgcc.a(_clear_bss.o)
 .data          0x00000000        0x0 c:/program files (x86)/atmel/studio/7.0/toolchain/avr8/avr8-gnu-toolchain/bin/../lib/gcc/avr/5.4.0/avr5\libgcc.a(_clear_bss.o)
 .bss           0x00000000        0x0 c:/program files (x86)/atmel/studio/7.0/toolchain/avr8/avr8-gnu-toolchain/bin/../lib/gcc/avr/5.4.0/avr5\libgcc.a(_clear_bss.o)
 .text.libgcc.mul
                0x00000000        0x0 c:/program files (x86)/atmel/studio/7.0/toolchain/avr8/avr8-gnu-toolchain/bin/../lib/gcc/avr/5.4.0/avr5\libgcc.a(_clear_bss.o)
 .text.libgcc.div
                0x00000000        0x0 c:/program files (x86)/atmel/studio/7.0/toolchain/avr8/avr8-gnu-toolchain/bin/../lib/gcc/avr/5.4.0/avr5\libgcc.a(_clear_bss.o)
 .text.libgcc   0x00000000        0x0 c:/program files (x86)/atmel/studio/7.0/toolchain/avr8/avr8-gnu-toolchain/bin/../lib/gcc/avr/5.4.0/avr5\libgcc.a(_clear_bss.o)
 .text.libgcc.prologue
                0x00000000        0x0 c:/program files (x86)/atmel/studio/7.0/toolchain/avr8/avr8-gnu-toolchain/bin/../lib/gcc/avr/5.4.0/avr5\libgcc.a(_clear_bss.o)
 .text.libgcc.builtins
                0x00000000        0x0 c:/program files (x86)/atmel/studio/7.0/toolchain/avr8/avr8-gnu-toolchain/bin/../lib/gcc/avr/5.4.0/avr5\libgcc.a(_clear_bss.o)
 .text.libgcc.fmul
                0x00000000        0x0 c:/program files (x86)/atmel/studio/7.0/toolchain/avr8/avr8-gnu-toolchain/bin/../lib/gcc/avr/5.4.0/avr5\libgcc.a(_clear_bss.o)
 .text.libgcc.fixed
                0x00000000        0x0 c:/program files (x86)/atmel/studio/7.0/toolchain/avr8/avr8-gnu-toolchain/bin/../lib/gcc/avr/5.4.0/avr5\libgcc.a(_clear_bss.o)
 .text          0x00000000        0x0 c:/program files (x86)/atmel/studio/7.0/toolchain/avr8/avr8-gnu-toolchain/bin/../lib/gcc/avr/5.4.0/avr5\libgcc.a(_umulhisi3.o)
 .data          0x00000000        0x0 c:/program files (x86)/atmel/studio/7.0/toolchain/avr8/avr8-gnu-toolchain/bin/../lib/gcc/avr/5.4.0/avr5\libgcc.a(_umulhisi3.o)
 .bss           0x00000000        0x0 c:/program files (x86)/atmel/studio/7.0/toolchain/avr8/avr8-gnu-toolchain/bin/../lib/gcc/avr/5.4.0/avr5\libgcc.a(_umulhisi3.o)
 .text.libgcc.mul
                0x00000000       0x1e c:/program files (x86)/atmel/studio/7.0/toolchain/avr8/avr8-gnu-toolchain/bin/../lib/gcc/avr/5.4.0/avr5\libgcc.a(_umulhisi3.o)
 .text.libgcc.div
                0x00000000        0x0 c:/program files (x86)/atmel/studio/7.0/toolchain/avr8/avr8-gnu-toolchain/bin/../lib/gcc/avr/5.4.0/avr5\libgcc.a(_umulhisi3.o)
 .text.libgcc   0x00000000        0x0 c:/program files (x86)/atmel/studio/7.0/toolchain/avr8/avr8-gnu-toolchain/bin/../lib/gcc/avr/5.4.0/avr5\libgcc.a(_umulhisi3.o)
 .text.libgcc.prologue
                0x00000000        0x0 c:/program files (x86)/atmel/studio/7.0/toolchain/avr8/avr8-gnu-toolchain/bin/../lib/gcc/avr/5.4.0/avr5\libgcc.a(_umulhisi3.o)
 .text.libgcc.builtins
                0x00000000        0x0 c:/program files (x86)/atmel/studio/7.0/toolchain/avr8/avr8-gnu-toolchain/bin/../lib/gcc/avr/5.4.0/avr5\libgcc.a(_umulhisi3.o)
 .text.libgcc.fmul
                0x00000000        0x0 c:/program files (x86)/atmel/studio/7.0/toolchain/avr8/avr8-gnu-toolchain/bin/../lib/gcc/avr/5.4.0/avr5\libgcc.a(_umulhisi3.o)
 .text.libgcc.fixed
                0x00000000        0x0 c:/program files (x86)/atmel/studio/7.0/toolchain/avr8/avr8-gnu-toolchain/bin/../lib/gcc/avr/5.4.0/avr5\libgcc.a(_umulhisi3.o)
 .text          0x00000000        0x0 c:/program files (x86)/atmel/studio/7.0/toolchain/avr8/avr8-gnu-toolchain/bin/../lib/gcc/avr/5.4.0/avr5\libgcc.a(_muluhisi3.o)
 .data          0x00000000        0x0 c:/program files (x86)/atmel/studio/7.0/toolchain/avr8/avr8-gnu-toolchain/bin/../lib/gcc/avr/5.4.0/avr5\libgcc.a(_muluhisi3.o)
 .bss           0x00000000        0x0 c:/program files (x86)/atmel/studio/7.0/toolchain/avr8/avr8-gnu-toolchain/bin/../lib/gcc/avr/5.4.0/avr5\libgcc.a(_muluhisi3.o)
 .text.libgcc.mul
                0x00000000       0x16 c:/program files (x86)/atmel/studio/7.0/toolchain/avr8/avr8-gnu-toolchain/bin/../lib/gcc/avr/5.4.0/avr5\libgcc.a(_muluhisi3.o)
 .text.libgcc.div
                0x00000000        0x0 c:/program files (x86)/atmel/studio/7.0/toolchain/avr8/avr8-gnu-toolchain/bin/../lib/gcc/avr/5.4.0/avr5\libgcc.a(_muluhisi3.o)
 .text.libgcc   0x00000000        0x0 c:/program files (x86)/atmel/studio/7.0/toolchain/avr8/avr8-gnu-toolchain/bin/../lib/gcc/avr/5.4.0/avr5\libgcc.a(_muluhisi3.o)
 .text.libgcc.prologue
                0x00000000        0x0 c:/program files (x86)/atmel/studio/7.0/toolchain/avr8/avr8-gnu-toolchain/bin/../lib/gcc/avr/5.4.0/avr5\libgcc.a(_muluhisi3.o)
 .text.libgcc.builtins
                0x00000000        0x0 c:/program files (x86)/atmel/studio/7.0/toolchain/avr8/avr8-gnu-toolchain/bin/../lib/gcc/avr/5.4.0/avr5\libgcc.a(_muluhisi3.o)
 .text.libgcc.fmul
                0x00000000        0x0 c:/program files (x86)/atmel/studio/7.0/toolchain/avr8/avr8-gnu-toolchain/bin/../lib/gcc/avr/5.4.0/avr5\libgcc.a(_muluhisi3.o)
 .text.libgcc.fixed
                0x00000000        0x0 c:/program files (x86)/atmel/studio/7.0/toolchain/avr8/avr8-gnu-toolchain/bin/../lib/gcc/avr/5.4.0/avr5\libgcc.a(_muluhisi3.o)
 .text          0x00000000        0x0 c:/program files (x86)/atmel/studio/7.0/toolchain/avr8/avr8-gnu-toolchain/bin/../lib/gcc/avr/5.4.0/avr5\libgcc.a(_adddi3_s8.o)
 .data          0x00000000        0x0 c:/program files (x86)/atmel/studio/7.0/toolchain/avr8/avr8-gnu-toolchain/bin/../lib/gcc/avr/5.4.0/avr5\libgcc.a(_adddi3_s8.o)
 .bss           0x00000000        0x0 c:/program files (x86)/atmel/studio/7.0/toolchain/avr8/avr8-gnu-toolchain/bin/../lib/gcc/avr/5.4.0/avr5\libgcc.a(_adddi3_s8.o)
 .text.libgcc.mul
                0x00000000        0x0 c:/program files (x86)/atmel/studio/7.0/toolchain/avr8/avr8-gnu-toolchain/bin/../lib/gcc/avr/5.4.0/avr5\libgcc.a(_adddi3_s8.o)
 .text.libgcc.div
                0x00000000        0x0 c:/program files (x86)/atmel/studio/7.0/toolchain/avr8/avr8-gnu-toolchain/bin/../lib/gcc/avr/5.4.0/avr5\libgcc.a(_adddi3_s8.o)
 .text.libgcc   0x00000000       0x18 c:/program files (x86)/atmel/studio/7.0/toolchain/avr8/avr8-gnu-toolchain/bin/../lib/gcc/avr/5.4.0/avr5\libgcc.a(_adddi3_s8.o)
 .text.libgcc.prologue
                0x00000000        0x0 c:/program files (x86)/atmel/studio/7.0/toolchain/avr8/avr8-gnu-toolchain/bin/../lib/gcc/avr/5.4.0/avr5\libgcc.a(_adddi3_s8.o)
 .text.libgcc.builtins
                0x00000000        0x0 c:/program files (x86)/atmel/studio/7.0/toolchain/avr8/avr8-gnu-toolchain/bin/../lib/gcc/avr/5.4.0/avr5\libgcc.a(_adddi3_s8.o)
 .text.libgcc.fmul
                0x00000000        0x0 c:/program files (x86)/atmel/studio/7.0/toolchain/avr8/avr8-gnu-toolchain/bin/../lib/gcc/avr/5.4.0/avr5\libgcc.a(_adddi3_s8.o)
 .text.libgcc.fixed
                0x00000000        0x0 c:/program files (x86)/atmel/studio/7.0/toolchain/avr8/avr8-gnu-toolchain/bin/../lib/gcc/avr/5.4.0/avr5\libgcc.a(_adddi3_s8.o)
 .text          0x00000000        0x0 c:/program files (x86)/atmel/studio/7.0/toolchain/avr8/avr8-gnu-toolchain/bin/../lib/gcc/avr/5.4.0/avr5\libgcc.a(_cmpdi2.o)
 .data          0x00000000        0x0 c:/program files (x86)/atmel/studio/7.0/toolchain/avr8/avr8-gnu-toolchain/bin/../lib/gcc/avr/5.4.0/avr5\libgcc.a(_cmpdi2.o)
 .bss           0x00000000        0x0 c:/program files (x86)/atmel/studio/7.0/toolchain/avr8/avr8-gnu-toolchain/bin/../lib/gcc/avr/5.4.0/avr5\libgcc.a(_cmpdi2.o)
 .text.libgcc.mul
                0x00000000        0x0 c:/program files (x86)/atmel/studio/7.0/toolchain/avr8/avr8-gnu-toolchain/bin/../lib/gcc/avr/5.4.0/avr5\libgcc.a(_cmpdi2.o)
 .text.libgcc.div
                0x00000000        0x0 c:/program files (x86)/atmel/studio/7.0/toolchain/avr8/avr8-gnu-toolchain/bin/../lib/gcc/avr/5.4.0/avr5\libgcc.a(_cmpdi2.o)
 .text.libgcc   0x00000000       0x12 c:/program files (x86)/atmel/studio/7.0/toolchain/avr8/avr8-gnu-toolchain/bin/../lib/gcc/avr/5.4.0/avr5\libgcc.a(_cmpdi2.o)
 .text.libgcc.prologue
                0x00000000        0x0 c:/program files (x86)/atmel/studio/7.0/toolchain/avr8/avr8-gnu-toolchain/bin/../lib/gcc/avr/5.4.0/avr5\libgcc.a(_cmpdi2.o)
 .text.libgcc.builtins
                0x00000000        0x0 c:/program files (x86)/atmel/studio/7.0/toolchain/avr8/avr8-gnu-toolchain/bin/../lib/gcc/avr/5.4.0/avr5\libgcc.a(_cmpdi2.o)
 .text.libgcc.fmul
                0x00000000        0x0 c:/program files (x86)/atmel/studio/7.0/toolchain/avr8/avr8-gnu-toolchain/bin/../lib/gcc/avr/5.4.0/avr5\libgcc.a(_cmpdi2.o)
 .text.libgcc.fixed
                0x00000000        0x0 c:/program files (x86)/atmel/studio/7.0/toolchain/avr8/avr8-gnu-toolchain/bin/../lib/gcc/avr/5.4.0/avr5\libgcc.a(_cmpdi2.o)
 .text          0x00000000        0x0 c:/program files (x86)/atmel/studio/7.0/toolchain/avr8/avr8-gnu-toolchain/bin/../lib/gcc/avr/5.4.0/avr5\libgcc.a(_udivmodhi4.o)
 .data          0x00000000        0x0 c:/program files (x86)/atmel/studio/7.0/toolchain/avr8/avr8-gnu-toolchain/bin/../lib/gcc/avr/5.4.0/avr5\libgcc.a(_udivmodhi4.o)
 .bss           0x00000000        0x0 c:/program files (x86)/atmel/studio/7.0/toolchain/avr8/avr8-gnu-toolchain/bin/../lib/gcc/avr/5.4.0/avr5\libgcc.a(_udivmodhi4.o)
 .text.libgcc.mul
                0x00000000        0x0 c:/program files (x86)/atmel/studio/7.0/toolchain/avr8/avr8-gnu-toolchain/bin/../lib/gcc/avr/5.4.0/avr5\libgcc.a(_udivmodhi4.o)
 .text.libgcc.div
                0x00000000       0x28 c:/program files (x86)/atmel/studio/7.0/toolchain/avr8/avr8-gnu-toolchain/bin/../lib/gcc/avr/5.4.0/avr5\libgcc.a(_udivmodhi4.o)
 .text.libgcc   0x00000000        0x0 c:/program files (x86)/atmel/studio/7.0/toolchain/avr8/avr8-gnu-toolchain/bin/../lib/gcc/avr/5.4.0/avr5\libgcc.a(_udivmodhi4.o)
 .text.libgcc.prologue
                0x00000000        0x0 c:/program files (x86)/atmel/studio/7.0/toolchain/avr8/avr8-gnu-toolchain/bin/../lib/gcc/avr/5.4.0/avr5\libgcc.a(_udivmodhi4.o)
 .text.libgcc.builtins
                0x00000000        0x0 c:/program files (x86)/atmel/studio/7.0/toolchain/avr8/avr8-gnu-toolchain/bin/../lib/gcc/avr/5.4.0/avr5\libgcc.a(_udivmodhi4.o)
 .text.libgcc.fmul
                0x00000000        0x0 c:/program files (x86)/atmel/studio/7.0/toolchain/avr8/avr8-gnu-toolchain/bin/../lib/gcc/avr/5.4.0/avr5\libgcc.a(_udivmodhi4.o)
 .text.libgcc.fixed
                0x00000000        0x0 c:/program files (x86)/atmel/studio/7.0/toolchain/avr8/avr8-gnu-toolchain/bin/../lib/gcc/avr/5.4.0/avr5\libgcc.a(_udivmodhi4.o)

Memory Configuration

Name             Origin             Length             Attributes
text             0x00000000         0x00008000         xr
data             0x00800060         0x00000800         rw !x
eeprom           0x00810000         0x00000400         rw !x
fuse             0x00820000         0x00000002         rw !x
lock             0x00830000         0x00000400         rw !x
signature        0x00840000         0x00000400         rw !x
user_signatures  0x00850000         0x00000400         rw !x
*default*        0x00000000         0xffffffff

Linker script and memory map

LOAD C:/Program Files (x86)/Atmel/Studio/7.0/Packs/atmel/ATmega_DFP/1.7.374/gcc/dev/atmega32a/avr5/crtatmega32a.o
LOAD HAL/Buzzer.o
LOAD HAL/DCmotor.o
LOAD HAL/Keypad.o
LOAD HAL/LCD.o
LOAD HAL/Limit Switch.o
LOAD HAL/Servo.o
LOAD HAL/SevenSegment.o
LOAD HAL/Stepper_M.o
LOAD main.o
LOAD MCAL/ADC.o
LOAD MCAL/DIO.o
LOAD MCAL/DIO_lcfg.o
LOAD MCAL/EXTI.o
LOAD MCAL/I2C.o
LOAD MCAL/SPI.o
LOAD MCAL/Timer0.o
LOAD MCAL/Timer1.o
LOAD MCAL/Timer2.o
LOAD MCAL/UART.o
LOAD MCAL/WD_Timer.o
LOAD Sensors/Flame Sensor.o
LOAD Sensors/IR Sensor.o
LOAD Sensors/LDR.o
LOAD Sensors/LM35.o
LOAD Services/queue.o
LOAD Services/Stack.o
LOAD Services/UART_services.o
START GROUP
LOAD c:/program files (x86)/atmel/studio/7.0/toolchain/avr8/avr8-gnu-toolchain/bin/../lib/gcc/avr/5.4.0/../../../../avr/lib/avr5\libm.a
END GROUP
START GROUP
LOAD c:/program files (x86)/atmel/studio/7.0/toolchain/avr8/avr8-gnu-toolchain/bin/../lib/gcc/avr/5.4.0/avr5\libgcc.a
LOAD c:/program files (x86)/atmel/studio/7.0/toolchain/avr8/avr8-gnu-toolchain/bin/../lib/gcc/avr/5.4.0/../../../../avr/lib/avr5\libm.a
LOAD c:/program files (x86)/atmel/studio/7.0/toolchain/avr8/avr8-gnu-toolchain/bin/../lib/gcc/avr/5.4.0/../../../../avr/lib/avr5\libc.a
LOAD C:/Program Files (x86)/Atmel/Studio/7.0/Packs/atmel/ATmega_DFP/1.7.374/gcc/dev/atmega32a/avr5\libatmega32a.a
END GROUP
                [0x00000000]                __TEXT_REGION_ORIGIN__ = DEFINED (__TEXT_REGION_ORIGIN__)?__TEXT_REGION_ORIGIN__:0x0
                [0x00800060]                __DATA_REGION_ORIGIN__ = DEFINED (__DATA_REGION_ORIGIN__)?__DATA_REGION_ORIGIN__:0x800060
                [0x00008000]                __TEXT_REGION_LENGTH__ = DEFINED (__TEXT_REGION_LENGTH__)?__TEXT_REGION_LENGTH__:0x20000
                [0x00000800]                __DATA_REGION_LENGTH__ = DEFINED (__DATA_REGION_LENGTH__)?__DATA_REGION_LENGTH__:0xffa0
                [0x00000400]                __EEPROM_REGION_LENGTH__ = DEFINED (__EEPROM_REGION_LENGTH__)?__EEPROM_REGION_LENGTH__:0x10000
                [0x00000002]                __FUSE_REGION_LENGTH__ = DEFINED (__FUSE_REGION_LENGTH__)?__FUSE_REGION_LENGTH__:0x400
                0x00000400                __LOCK_REGION_LENGTH__ = DEFINED (__LOCK_REGION_LENGTH__)?__LOCK_REGION_LENGTH__:0x400
                0x00000400                __SIGNATURE_REGION_LENGTH__ = DEFINED (__SIGNATURE_REGION_LENGTH__)?__SIGNATURE_REGION_LENGTH__:0x400
                0x00000400                __USER_SIGNATURE_REGION_LENGTH__ = DEFINED (__USER_SIGNATURE_REGION_LENGTH__)?__USER_SIGNATURE_REGION_LENGTH__:0x400

.hash
 *(.hash)

.dynsym
 *(.dynsym)

.dynstr
 *(.dynstr)

.gnu.version
 *(.gnu.version)

.gnu.version_d
 *(.gnu.version_d)

.gnu.version_r
 *(.gnu.version_r)

.rel.init
 *(.rel.init)

.rela.init
 *(.rela.init)

.rel.text
 *(.rel.text)
 *(.rel.text.*)
 *(.rel.gnu.linkonce.t*)

.rela.text
 *(.rela.text)
 *(.rela.text.*)
 *(.rela.gnu.linkonce.t*)

.rel.fini
 *(.rel.fini)

.rela.fini
 *(.rela.fini)

.rel.rodata
 *(.rel.rodata)
 *(.rel.rodata.*)
 *(.rel.gnu.linkonce.r*)

.rela.rodata
 *(.rela.rodata)
 *(.rela.rodata.*)
 *(.rela.gnu.linkonce.r*)

.rel.data
 *(.rel.data)
 *(.rel.data.*)
 *(.rel.gnu.linkonce.d*)

.rela.data
 *(.rela.data)
 *(.rela.data.*)
 *(.rela.gnu.linkonce.d*)

.rel.ctors
 *(.rel.ctors)

.rela.ctors
 *(.rela.ctors)

.rel.dtors
 *(.rel.dtors)

.rela.dtors
 *(.rela.dtors)

.rel.got
 *(.rel.got)

.rela.got
 *(.rela.got)

.rel.bss
 *(.rel.bss)

.rela.bss
 *(.rela.bss)

.rel.plt
 *(.rel.plt)

.rela.plt
 *(.rela.plt)

.text           0x00000000      0x4d2
 *(.vectors)
 .vectors       0x00000000       0x54 C:/Program Files (x86)/Atmel/Studio/7.0/Packs/atmel/ATmega_DFP/1.7.374/gcc/dev/atmega32a/avr5/crtatmega32a.o
                0x00000000                __vector_default
                0x00000000                __vectors
 *(.vectors)
 *(.progmem.gcc*)
                0x00000054                . = ALIGN (0x2)
                0x00000054                __trampolines_start = .
 *(.trampolines)
 .trampolines   0x00000054        0x0 linker stubs
 *(.trampolines*)
                0x00000054                __trampolines_end = .
 *libprintf_flt.a:*(.progmem.data)
 *libc.a:*(.progmem.data)
 *(.progmem*)
                0x00000054                . = ALIGN (0x2)
 *(.jumptables)
 *(.jumptables*)
 *(.lowtext)
 *(.lowtext*)
                0x00000054                __ctors_start = .
 *(.ctors)
                0x00000054                __ctors_end = .
                0x00000054                __dtors_start = .
 *(.dtors)
                0x00000054                __dtors_end = .
 SORT(*)(.ctors)
 SORT(*)(.dtors)
 *(.init0)
 .init0         0x00000054        0x0 C:/Program Files (x86)/Atmel/Studio/7.0/Packs/atmel/ATmega_DFP/1.7.374/gcc/dev/atmega32a/avr5/crtatmega32a.o
                0x00000054                __init
 *(.init0)
 *(.init1)
 *(.init1)
 *(.init2)
 .init2         0x00000054        0xc C:/Program Files (x86)/Atmel/Studio/7.0/Packs/atmel/ATmega_DFP/1.7.374/gcc/dev/atmega32a/avr5/crtatmega32a.o
 *(.init2)
 *(.init3)
 *(.init3)
 *(.init4)
 .init4         0x00000060       0x16 c:/program files (x86)/atmel/studio/7.0/toolchain/avr8/avr8-gnu-toolchain/bin/../lib/gcc/avr/5.4.0/avr5\libgcc.a(_copy_data.o)
                0x00000060                __do_copy_data
 .init4         0x00000076       0x10 c:/program files (x86)/atmel/studio/7.0/toolchain/avr8/avr8-gnu-toolchain/bin/../lib/gcc/avr/5.4.0/avr5\libgcc.a(_clear_bss.o)
                0x00000076                __do_clear_bss
 *(.init4)
 *(.init5)
 *(.init5)
 *(.init6)
 *(.init6)
 *(.init7)
 *(.init7)
 *(.init8)
 *(.init8)
 *(.init9)
 .init9         0x00000086        0x8 C:/Program Files (x86)/Atmel/Studio/7.0/Packs/atmel/ATmega_DFP/1.7.374/gcc/dev/atmega32a/avr5/crtatmega32a.o
 *(.init9)
 *(.text)
 .text          0x0000008e        0x4 C:/Program Files (x86)/Atmel/Studio/7.0/Packs/atmel/ATmega_DFP/1.7.374/gcc/dev/atmega32a/avr5/crtatmega32a.o
                0x0000008e                __vector_13
                0x0000008e                __vector_17
                0x0000008e                __vector_19
                0x0000008e                __vector_14
                0x0000008e                __vector_16
                0x0000008e                __vector_18
                0x0000008e                __vector_20
                0x0000008e                __bad_interrupt
                0x00000092                . = ALIGN (0x2)
 *(.text.*)
 .text.main     0x00000092        0x2 main.o
                0x00000092                main
 .text.__vector_1
                0x00000094       0x52 MCAL/EXTI.o
                0x00000094                __vector_1
 .text.__vector_2
                0x000000e6       0x52 MCAL/EXTI.o
                0x000000e6                __vector_2
 .text.__vector_3
                0x00000138       0x52 MCAL/EXTI.o
                0x00000138                __vector_3
 .text.SPI_recieve_noblock
                0x0000018a        0x8 MCAL/SPI.o
                0x0000018a                SPI_recieve_noblock
 .text.__vector_12
                0x00000192       0x50 MCAL/SPI.o
                0x00000192                __vector_12
 .text.__vector_11
                0x000001e2       0x52 MCAL/Timer0.o
                0x000001e2                __vector_11
 .text.__vector_10
                0x00000234       0x4e MCAL/Timer0.o
                0x00000234                __vector_10
 .text.__vector_9
                0x00000282       0x4e MCAL/Timer1.o
                0x00000282                __vector_9
 .text.__vector_7
                0x000002d0       0x4e MCAL/Timer1.o
                0x000002d0                __vector_7
 .text.__vector_8
                0x0000031e       0x4e MCAL/Timer1.o
                0x0000031e                __vector_8
 .text.__vector_6
                0x0000036c       0x4e MCAL/Timer1.o
                0x0000036c                __vector_6
 .text.__vector_5
                0x000003ba       0x52 MCAL/Timer2.o
                0x000003ba                __vector_5
 .text.__vector_4
                0x0000040c       0x4e MCAL/Timer2.o
                0x0000040c                __vector_4
 .text.uart_send_noblock
                0x0000045a        0x4 MCAL/UART.o
                0x0000045a                uart_send_noblock
 .text.__vector_15
                0x0000045e       0x70 Services/UART_services.o
                0x0000045e                __vector_15
                0x000004ce                . = ALIGN (0x2)
 *(.fini9)
 .fini9         0x000004ce        0x0 c:/program files (x86)/atmel/studio/7.0/toolchain/avr8/avr8-gnu-toolchain/bin/../lib/gcc/avr/5.4.0/avr5\libgcc.a(_exit.o)
                0x000004ce                _exit
                0x000004ce                exit
 *(.fini9)
 *(.fini8)
 *(.fini8)
 *(.fini7)
 *(.fini7)
 *(.fini6)
 *(.fini6)
 *(.fini5)
 *(.fini5)
 *(.fini4)
 *(.fini4)
 *(.fini3)
 *(.fini3)
 *(.fini2)
 *(.fini2)
 *(.fini1)
 *(.fini1)
 *(.fini0)
 .fini0         0x000004ce        0x4 c:/program files (x86)/atmel/studio/7.0/toolchain/avr8/avr8-gnu-toolchain/bin/../lib/gcc/avr/5.4.0/avr5\libgcc.a(_exit.o)
 *(.fini0)
                0x000004d2                _etext = .

.data           0x00800060        0x2 load address 0x000004d2
                0x00800060                PROVIDE (__data_start, .)
 *(.data)
 *(.data*)
 .data.i.1714   0x00800060        0x1 Services/UART_services.o
 *(.gnu.linkonce.d*)
 *(.rodata)
 *(.rodata*)
 *(.gnu.linkonce.r*)
                0x00800062                . = ALIGN (0x2)
 *fill*         0x00800061        0x1 
                0x00800062                _edata = .
                0x00800062                PROVIDE (__data_end, .)

.bss            0x00800062       0x18
                0x00800062                PROVIDE (__bss_start, .)
 *(.bss)
 *(.bss*)
 .bss.Fptr_EXI2
                0x00800062        0x2 MCAL/EXTI.o
 .bss.Fptr_EXI1
                0x00800064        0x2 MCAL/EXTI.o
 .bss.Fptr_EXI0
                0x00800066        0x2 MCAL/EXTI.o
 .bss.Timer0_OC0_Fptr
                0x00800068        0x2 MCAL/Timer0.o
 .bss.Timer0_OVF_Fptr
                0x0080006a        0x2 MCAL/Timer0.o
 .bss.Timer1_ICU_Fptr
                0x0080006c        0x2 MCAL/Timer1.o
 .bss.Timer1_OCB_Fptr
                0x0080006e        0x2 MCAL/Timer1.o
 .bss.Timer1_OCA_Fptr
                0x00800070        0x2 MCAL/Timer1.o
 .bss.Timer1_OVF_Fptr
                0x00800072        0x2 MCAL/Timer1.o
 .bss.Timer2_OC2_Fptr
                0x00800074        0x2 MCAL/Timer2.o
 .bss.Timer2_OVF_Fptr
                0x00800076        0x2 MCAL/Timer2.o
 .bss.pdata     0x00800078        0x2 Services/UART_services.o
                0x00800078                pdata
 *(COMMON)
                0x0080007a                PROVIDE (__bss_end, .)
                0x000004d2                __data_load_start = LOADADDR (.data)
                0x000004d4                __data_load_end = (__data_load_start + SIZEOF (.data))

.noinit         0x0080007a        0x0
                [!provide]                PROVIDE (__noinit_start, .)
 *(.noinit*)
                [!provide]                PROVIDE (__noinit_end, .)
                0x0080007a                _end = .
                [!provide]                PROVIDE (__heap_start, .)

.eeprom         0x00810000        0x0
 *(.eeprom*)
                0x00810000                __eeprom_end = .

.fuse
 *(.fuse)
 *(.lfuse)
 *(.hfuse)
 *(.efuse)

.lock
 *(.lock*)

.signature
 *(.signature*)

.user_signatures
 *(.user_signatures*)

.stab
 *(.stab)

.stabstr
 *(.stabstr)

.stab.excl
 *(.stab.excl)

.stab.exclstr
 *(.stab.exclstr)

.stab.index
 *(.stab.index)

.stab.indexstr
 *(.stab.indexstr)

.comment        0x00000000       0x30
 *(.comment)
 .comment       0x00000000       0x30 main.o
                                 0x31 (size before relaxing)
 .comment       0x00000030       0x31 MCAL/EXTI.o
 .comment       0x00000030       0x31 MCAL/SPI.o
 .comment       0x00000030       0x31 MCAL/Timer0.o
 .comment       0x00000030       0x31 MCAL/Timer1.o
 .comment       0x00000030       0x31 MCAL/Timer2.o
 .comment       0x00000030       0x31 MCAL/UART.o
 .comment       0x00000030       0x31 Services/UART_services.o

.note.gnu.avr.deviceinfo
                0x00000000       0x3c
 .note.gnu.avr.deviceinfo
                0x00000000       0x3c C:/Program Files (x86)/Atmel/Studio/7.0/Packs/atmel/ATmega_DFP/1.7.374/gcc/dev/atmega32a/avr5/crtatmega32a.o

.note.gnu.build-id
 *(.note.gnu.build-id)

.debug
 *(.debug)

.line
 *(.line)

.debug_srcinfo
 *(.debug_srcinfo)

.debug_sfnames
 *(.debug_sfnames)

.debug_aranges  0x00000000      0x370
 *(.debug_aranges)
 .debug_aranges
                0x00000000       0x20 main.o
 .debug_aranges
                0x00000020       0x50 MCAL/EXTI.o
 .debug_aranges
                0x00000070       0x70 MCAL/SPI.o
 .debug_aranges
                0x000000e0       0x70 MCAL/Timer0.o
 .debug_aranges
                0x00000150       0xd0 MCAL/Timer1.o
 .debug_aranges
                0x00000220       0x80 MCAL/Timer2.o
 .debug_aranges
                0x000002a0       0x70 MCAL/UART.o
 .debug_aranges
                0x00000310       0x60 Services/UART_services.o

.debug_pubnames
 *(.debug_pubnames)

.debug_info     0x00000000     0x1bd7
 *(.debug_info .gnu.linkonce.wi.*)
 .debug_info    0x00000000      0x4e6 C:/Program Files (x86)/Atmel/Studio/7.0/Packs/atmel/ATmega_DFP/1.7.374/gcc/dev/atmega32a/avr5/crtatmega32a.o
 .debug_info    0x000004e6       0x7d main.o
 .debug_info    0x00000563      0x1fe MCAL/EXTI.o
 .debug_info    0x00000761      0x25b MCAL/SPI.o
 .debug_info    0x000009bc      0x313 MCAL/Timer0.o
 .debug_info    0x00000ccf      0x530 MCAL/Timer1.o
 .debug_info    0x000011ff      0x36e MCAL/Timer2.o
 .debug_info    0x0000156d      0x290 MCAL/UART.o
 .debug_info    0x000017fd      0x3da Services/UART_services.o

.debug_abbrev   0x00000000      0xcb8
 *(.debug_abbrev)
 .debug_abbrev  0x00000000      0x4a3 C:/Program Files (x86)/Atmel/Studio/7.0/Packs/atmel/ATmega_DFP/1.7.374/gcc/dev/atmega32a/avr5/crtatmega32a.o
 .debug_abbrev  0x000004a3       0x49 main.o
 .debug_abbrev  0x000004ec       0xc0 MCAL/EXTI.o
 .debug_abbrev  0x000005ac      0x109 MCAL/SPI.o
 .debug_abbrev  0x000006b5      0x14a MCAL/Timer0.o
 .debug_abbrev  0x000007ff      0x132 MCAL/Timer1.o
 .debug_abbrev  0x00000931      0x14a MCAL/Timer2.o
 .debug_abbrev  0x00000a7b       0xeb MCAL/UART.o
 .debug_abbrev  0x00000b66      0x152 Services/UART_services.o

.debug_line     0x00000000     0x1740
 *(.debug_line .debug_line.* .debug_line_end)
 .debug_line    0x00000000      0x116 C:/Program Files (x86)/Atmel/Studio/7.0/Packs/atmel/ATmega_DFP/1.7.374/gcc/dev/atmega32a/avr5/crtatmega32a.o
 .debug_line    0x00000116       0x39 main.o
 .debug_line    0x0000014f      0x208 MCAL/EXTI.o
 .debug_line    0x00000357      0x2aa MCAL/SPI.o
 .debug_line    0x00000601      0x31e MCAL/Timer0.o
 .debug_line    0x0000091f      0x4e3 MCAL/Timer1.o
 .debug_line    0x00000e02      0x34a MCAL/Timer2.o
 .debug_line    0x0000114c      0x2c8 MCAL/UART.o
 .debug_line    0x00001414      0x32c Services/UART_services.o

.debug_frame    0x00000000      0xa84
 *(.debug_frame)
 .debug_frame   0x00000000       0x24 main.o
 .debug_frame   0x00000024      0x15c MCAL/EXTI.o
 .debug_frame   0x00000180      0x10c MCAL/SPI.o
 .debug_frame   0x0000028c      0x154 MCAL/Timer0.o
 .debug_frame   0x000003e0      0x2cc MCAL/Timer1.o
 .debug_frame   0x000006ac      0x174 MCAL/Timer2.o
 .debug_frame   0x00000820       0xc4 MCAL/UART.o
 .debug_frame   0x000008e4      0x1a0 Services/UART_services.o

.debug_str      0x00000000      0xf4e
 *(.debug_str)
 .debug_str     0x00000000      0x196 C:/Program Files (x86)/Atmel/Studio/7.0/Packs/atmel/ATmega_DFP/1.7.374/gcc/dev/atmega32a/avr5/crtatmega32a.o
 .debug_str     0x00000196      0x109 main.o
                                0x13d (size before relaxing)
 .debug_str     0x0000029f      0x107 MCAL/EXTI.o
                                0x238 (size before relaxing)
 .debug_str     0x000003a6      0x146 MCAL/SPI.o
                                0x277 (size before relaxing)
 .debug_str     0x000004ec      0x20d MCAL/Timer0.o
                                0x354 (size before relaxing)
 .debug_str     0x000006f9      0x41e MCAL/Timer1.o
                                0x573 (size before relaxing)
 .debug_str     0x00000b17      0x202 MCAL/Timer2.o
                                0x36f (size before relaxing)
 .debug_str     0x00000d19      0x16b MCAL/UART.o
                                0x2b5 (size before relaxing)
 .debug_str     0x00000e84       0xca Services/UART_services.o
                                0x25c (size before relaxing)

.debug_loc      0x00000000     0x16d7
 *(.debug_loc)
 .debug_loc     0x00000000      0x409 MCAL/EXTI.o
 .debug_loc     0x00000409      0x20f MCAL/SPI.o
 .debug_loc     0x00000618      0x25d MCAL/Timer0.o
 .debug_loc     0x00000875      0x4c3 MCAL/Timer1.o
 .debug_loc     0x00000d38      0x25d MCAL/Timer2.o
 .debug_loc     0x00000f95       0xcb MCAL/UART.o
 .debug_loc     0x00001060      0x677 Services/UART_services.o

.debug_macinfo
 *(.debug_macinfo)

.debug_weaknames
 *(.debug_weaknames)

.debug_funcnames
 *(.debug_funcnames)

.debug_typenames
 *(.debug_typenames)

.debug_varnames
 *(.debug_varnames)

.debug_pubtypes
 *(.debug_pubtypes)

.debug_ranges   0x00000000      0x308
 *(.debug_ranges)
 .debug_ranges  0x00000000       0x10 main.o
 .debug_ranges  0x00000010       0x40 MCAL/EXTI.o
 .debug_ranges  0x00000050       0x60 MCAL/SPI.o
 .debug_ranges  0x000000b0       0x60 MCAL/Timer0.o
 .debug_ranges  0x00000110       0xc0 MCAL/Timer1.o
 .debug_ranges  0x000001d0       0x70 MCAL/Timer2.o
 .debug_ranges  0x00000240       0x60 MCAL/UART.o
 .debug_ranges  0x000002a0       0x68 Services/UART_services.o

.debug_macro
 *(.debug_macro)
OUTPUT(GB.elf elf32-avr)
LOAD linker stubs
